Archive member included to satisfy reference by file (symbol)

c:/st/stm32cubeide_1.10.1/stm32cubeide/plugins/com.st.stm32cube.ide.mcu.externaltools.gnu-tools-for-stm32.10.3-2021.10.win32_1.0.0.202111181127/tools/bin/../lib/gcc/arm-none-eabi/10.3.1/../../../../arm-none-eabi/lib/thumb/v7-m/nofp\libc_nano.a(lib_a-errno.o)
                              ./Core/Src/syscalls.o (__errno)
c:/st/stm32cubeide_1.10.1/stm32cubeide/plugins/com.st.stm32cube.ide.mcu.externaltools.gnu-tools-for-stm32.10.3-2021.10.win32_1.0.0.202111181127/tools/bin/../lib/gcc/arm-none-eabi/10.3.1/../../../../arm-none-eabi/lib/thumb/v7-m/nofp\libc_nano.a(lib_a-exit.o)
                              c:/st/stm32cubeide_1.10.1/stm32cubeide/plugins/com.st.stm32cube.ide.mcu.externaltools.gnu-tools-for-stm32.10.3-2021.10.win32_1.0.0.202111181127/tools/bin/../lib/gcc/arm-none-eabi/10.3.1/../../../../arm-none-eabi/lib/thumb/v7-m/nofp/crt0.o (exit)
c:/st/stm32cubeide_1.10.1/stm32cubeide/plugins/com.st.stm32cube.ide.mcu.externaltools.gnu-tools-for-stm32.10.3-2021.10.win32_1.0.0.202111181127/tools/bin/../lib/gcc/arm-none-eabi/10.3.1/../../../../arm-none-eabi/lib/thumb/v7-m/nofp\libc_nano.a(lib_a-impure.o)
                              c:/st/stm32cubeide_1.10.1/stm32cubeide/plugins/com.st.stm32cube.ide.mcu.externaltools.gnu-tools-for-stm32.10.3-2021.10.win32_1.0.0.202111181127/tools/bin/../lib/gcc/arm-none-eabi/10.3.1/../../../../arm-none-eabi/lib/thumb/v7-m/nofp\libc_nano.a(lib_a-exit.o) (_global_impure_ptr)
c:/st/stm32cubeide_1.10.1/stm32cubeide/plugins/com.st.stm32cube.ide.mcu.externaltools.gnu-tools-for-stm32.10.3-2021.10.win32_1.0.0.202111181127/tools/bin/../lib/gcc/arm-none-eabi/10.3.1/../../../../arm-none-eabi/lib/thumb/v7-m/nofp\libc_nano.a(lib_a-init.o)
                              c:/st/stm32cubeide_1.10.1/stm32cubeide/plugins/com.st.stm32cube.ide.mcu.externaltools.gnu-tools-for-stm32.10.3-2021.10.win32_1.0.0.202111181127/tools/bin/../lib/gcc/arm-none-eabi/10.3.1/../../../../arm-none-eabi/lib/thumb/v7-m/nofp/crt0.o (__libc_init_array)
c:/st/stm32cubeide_1.10.1/stm32cubeide/plugins/com.st.stm32cube.ide.mcu.externaltools.gnu-tools-for-stm32.10.3-2021.10.win32_1.0.0.202111181127/tools/bin/../lib/gcc/arm-none-eabi/10.3.1/../../../../arm-none-eabi/lib/thumb/v7-m/nofp\libc_nano.a(lib_a-memset.o)
                              c:/st/stm32cubeide_1.10.1/stm32cubeide/plugins/com.st.stm32cube.ide.mcu.externaltools.gnu-tools-for-stm32.10.3-2021.10.win32_1.0.0.202111181127/tools/bin/../lib/gcc/arm-none-eabi/10.3.1/../../../../arm-none-eabi/lib/thumb/v7-m/nofp/crt0.o (memset)
c:/st/stm32cubeide_1.10.1/stm32cubeide/plugins/com.st.stm32cube.ide.mcu.externaltools.gnu-tools-for-stm32.10.3-2021.10.win32_1.0.0.202111181127/tools/bin/../lib/gcc/arm-none-eabi/10.3.1/thumb/v7-m/nofp\libgcc.a(_aeabi_uldivmod.o)
                              ./Drivers/STM32L1xx_HAL_Driver/Src/stm32l1xx_hal_rcc.o (__aeabi_uldivmod)
c:/st/stm32cubeide_1.10.1/stm32cubeide/plugins/com.st.stm32cube.ide.mcu.externaltools.gnu-tools-for-stm32.10.3-2021.10.win32_1.0.0.202111181127/tools/bin/../lib/gcc/arm-none-eabi/10.3.1/thumb/v7-m/nofp\libgcc.a(_udivmoddi4.o)
                              c:/st/stm32cubeide_1.10.1/stm32cubeide/plugins/com.st.stm32cube.ide.mcu.externaltools.gnu-tools-for-stm32.10.3-2021.10.win32_1.0.0.202111181127/tools/bin/../lib/gcc/arm-none-eabi/10.3.1/thumb/v7-m/nofp\libgcc.a(_aeabi_uldivmod.o) (__udivmoddi4)
c:/st/stm32cubeide_1.10.1/stm32cubeide/plugins/com.st.stm32cube.ide.mcu.externaltools.gnu-tools-for-stm32.10.3-2021.10.win32_1.0.0.202111181127/tools/bin/../lib/gcc/arm-none-eabi/10.3.1/thumb/v7-m/nofp\libgcc.a(_dvmd_tls.o)
                              c:/st/stm32cubeide_1.10.1/stm32cubeide/plugins/com.st.stm32cube.ide.mcu.externaltools.gnu-tools-for-stm32.10.3-2021.10.win32_1.0.0.202111181127/tools/bin/../lib/gcc/arm-none-eabi/10.3.1/thumb/v7-m/nofp\libgcc.a(_aeabi_uldivmod.o) (__aeabi_ldiv0)

Discarded input sections

 .text          0x0000000000000000        0x0 c:/st/stm32cubeide_1.10.1/stm32cubeide/plugins/com.st.stm32cube.ide.mcu.externaltools.gnu-tools-for-stm32.10.3-2021.10.win32_1.0.0.202111181127/tools/bin/../lib/gcc/arm-none-eabi/10.3.1/thumb/v7-m/nofp/crti.o
 .data          0x0000000000000000        0x0 c:/st/stm32cubeide_1.10.1/stm32cubeide/plugins/com.st.stm32cube.ide.mcu.externaltools.gnu-tools-for-stm32.10.3-2021.10.win32_1.0.0.202111181127/tools/bin/../lib/gcc/arm-none-eabi/10.3.1/thumb/v7-m/nofp/crti.o
 .bss           0x0000000000000000        0x0 c:/st/stm32cubeide_1.10.1/stm32cubeide/plugins/com.st.stm32cube.ide.mcu.externaltools.gnu-tools-for-stm32.10.3-2021.10.win32_1.0.0.202111181127/tools/bin/../lib/gcc/arm-none-eabi/10.3.1/thumb/v7-m/nofp/crti.o
 .data          0x0000000000000000        0x4 c:/st/stm32cubeide_1.10.1/stm32cubeide/plugins/com.st.stm32cube.ide.mcu.externaltools.gnu-tools-for-stm32.10.3-2021.10.win32_1.0.0.202111181127/tools/bin/../lib/gcc/arm-none-eabi/10.3.1/thumb/v7-m/nofp/crtbegin.o
[...]
Memory Configuration

Name             Origin             Length             Attributes
RAM              0x0000000020000000 0x0000000000008000 xrw
FLASH            0x0000000008000000 0x0000000000020000 xr
*default*        0x0000000000000000 0xffffffffffffffff

Linker script and memory map

LOAD c:/st/stm32cubeide_1.10.1/stm32cubeide/plugins/com.st.stm32cube.ide.mcu.externaltools.gnu-tools-for-stm32.10.3-2021.10.win32_1.0.0.202111181127/tools/bin/../lib/gcc/arm-none-eabi/10.3.1/thumb/v7-m/nofp/crti.o
LOAD c:/st/stm32cubeide_1.10.1/stm32cubeide/plugins/com.st.stm32cube.ide.mcu.externaltools.gnu-tools-for-stm32.10.3-2021.10.win32_1.0.0.202111181127/tools/bin/../lib/gcc/arm-none-eabi/10.3.1/thumb/v7-m/nofp/crtbegin.o
LOAD c:/st/stm32cubeide_1.10.1/stm32cubeide/plugins/com.st.stm32cube.ide.mcu.externaltools.gnu-tools-for-stm32.10.3-2021.10.win32_1.0.0.202111181127/tools/bin/../lib/gcc/arm-none-eabi/10.3.1/../../../../arm-none-eabi/lib/thumb/v7-m/nofp/crt0.o
LOAD ./Core/Src/as5601.o
LOAD ./Core/Src/gpio.o
LOAD ./Core/Src/i2c.o
LOAD ./Core/Src/keys.o
LOAD ./Core/Src/knob.o
LOAD ./Core/Src/main.o
LOAD ./Core/Src/nextion.o
LOAD ./Core/Src/stm32l1xx_hal_msp.o
LOAD ./Core/Src/stm32l1xx_it.o
LOAD ./Core/Src/syscalls.o
LOAD ./Core/Src/sysmem.o
LOAD ./Core/Src/system_stm32l1xx.o
LOAD ./Core/Src/tim.o
LOAD ./Core/Src/usart.o
LOAD ./Core/Startup/startup_stm32l151cbtxa.o
LOAD ./Drivers/STM32L1xx_HAL_Driver/Src/stm32l1xx_hal.o
LOAD ./Drivers/STM32L1xx_HAL_Driver/Src/stm32l1xx_hal_cortex.o
LOAD ./Drivers/STM32L1xx_HAL_Driver/Src/stm32l1xx_hal_dma.o
LOAD ./Drivers/STM32L1xx_HAL_Driver/Src/stm32l1xx_hal_exti.o
LOAD ./Drivers/STM32L1xx_HAL_Driver/Src/stm32l1xx_hal_flash.o
LOAD ./Drivers/STM32L1xx_HAL_Driver/Src/stm32l1xx_hal_flash_ex.o
LOAD ./Drivers/STM32L1xx_HAL_Driver/Src/stm32l1xx_hal_flash_ramfunc.o
LOAD ./Drivers/STM32L1xx_HAL_Driver/Src/stm32l1xx_hal_gpio.o
LOAD ./Drivers/STM32L1xx_HAL_Driver/Src/stm32l1xx_hal_i2c.o
LOAD ./Drivers/STM32L1xx_HAL_Driver/Src/stm32l1xx_hal_pcd.o
LOAD ./Drivers/STM32L1xx_HAL_Driver/Src/stm32l1xx_hal_pcd_ex.o
LOAD ./Drivers/STM32L1xx_HAL_Driver/Src/stm32l1xx_hal_pwr.o
LOAD ./Drivers/STM32L1xx_HAL_Driver/Src/stm32l1xx_hal_pwr_ex.o
LOAD ./Drivers/STM32L1xx_HAL_Driver/Src/stm32l1xx_hal_rcc.o
LOAD ./Drivers/STM32L1xx_HAL_Driver/Src/stm32l1xx_hal_rcc_ex.o
LOAD ./Drivers/STM32L1xx_HAL_Driver/Src/stm32l1xx_hal_tim.o
LOAD ./Drivers/STM32L1xx_HAL_Driver/Src/stm32l1xx_hal_tim_ex.o
LOAD ./Drivers/STM32L1xx_HAL_Driver/Src/stm32l1xx_hal_uart.o
LOAD ./Drivers/STM32L1xx_HAL_Driver/Src/stm32l1xx_ll_usb.o
LOAD ./Middlewares/ST/STM32_USB_Device_Library/Class/HID/Src/usbd_hid.o
LOAD ./Middlewares/ST/STM32_USB_Device_Library/Core/Src/usbd_core.o
LOAD ./Middlewares/ST/STM32_USB_Device_Library/Core/Src/usbd_ctlreq.o
LOAD ./Middlewares/ST/STM32_USB_Device_Library/Core/Src/usbd_ioreq.o
LOAD ./USB_DEVICE/App/usb_device.o
LOAD ./USB_DEVICE/App/usbd_desc.o
LOAD ./USB_DEVICE/Target/usbd_conf.o
START GROUP
LOAD c:/st/stm32cubeide_1.10.1/stm32cubeide/plugins/com.st.stm32cube.ide.mcu.externaltools.gnu-tools-for-stm32.10.3-2021.10.win32_1.0.0.202111181127/tools/bin/../lib/gcc/arm-none-eabi/10.3.1/../../../../arm-none-eabi/lib/thumb/v7-m/nofp\libc_nano.a
LOAD c:/st/stm32cubeide_1.10.1/stm32cubeide/plugins/com.st.stm32cube.ide.mcu.externaltools.gnu-tools-for-stm32.10.3-2021.10.win32_1.0.0.202111181127/tools/bin/../lib/gcc/arm-none-eabi/10.3.1/../../../../arm-none-eabi/lib/thumb/v7-m/nofp\libm.a
END GROUP
START GROUP
LOAD c:/st/stm32cubeide_1.10.1/stm32cubeide/plugins/com.st.stm32cube.ide.mcu.externaltools.gnu-tools-for-stm32.10.3-2021.10.win32_1.0.0.202111181127/tools/bin/../lib/gcc/arm-none-eabi/10.3.1/thumb/v7-m/nofp\libgcc.a
LOAD c:/st/stm32cubeide_1.10.1/stm32cubeide/plugins/com.st.stm32cube.ide.mcu.externaltools.gnu-tools-for-stm32.10.3-2021.10.win32_1.0.0.202111181127/tools/bin/../lib/gcc/arm-none-eabi/10.3.1/../../../../arm-none-eabi/lib/thumb/v7-m/nofp\libc_nano.a
END GROUP
START GROUP
LOAD c:/st/stm32cubeide_1.10.1/stm32cubeide/plugins/com.st.stm32cube.ide.mcu.externaltools.gnu-tools-for-stm32.10.3-2021.10.win32_1.0.0.202111181127/tools/bin/../lib/gcc/arm-none-eabi/10.3.1/thumb/v7-m/nofp\libgcc.a
LOAD c:/st/stm32cubeide_1.10.1/stm32cubeide/plugins/com.st.stm32cube.ide.mcu.externaltools.gnu-tools-for-stm32.10.3-2021.10.win32_1.0.0.202111181127/tools/bin/../lib/gcc/arm-none-eabi/10.3.1/../../../../arm-none-eabi/lib/thumb/v7-m/nofp\libc_nano.a
LOAD c:/st/stm32cubeide_1.10.1/stm32cubeide/plugins/com.st.stm32cube.ide.mcu.externaltools.gnu-tools-for-stm32.10.3-2021.10.win32_1.0.0.202111181127/tools/bin/../lib/gcc/arm-none-eabi/10.3.1/../../../../arm-none-eabi/lib/thumb/v7-m/nofp\libnosys.a
END GROUP
START GROUP
LOAD c:/st/stm32cubeide_1.10.1/stm32cubeide/plugins/com.st.stm32cube.ide.mcu.externaltools.gnu-tools-for-stm32.10.3-2021.10.win32_1.0.0.202111181127/tools/bin/../lib/gcc/arm-none-eabi/10.3.1/thumb/v7-m/nofp\libgcc.a
LOAD c:/st/stm32cubeide_1.10.1/stm32cubeide/plugins/com.st.stm32cube.ide.mcu.externaltools.gnu-tools-for-stm32.10.3-2021.10.win32_1.0.0.202111181127/tools/bin/../lib/gcc/arm-none-eabi/10.3.1/../../../../arm-none-eabi/lib/thumb/v7-m/nofp\libc_nano.a
LOAD c:/st/stm32cubeide_1.10.1/stm32cubeide/plugins/com.st.stm32cube.ide.mcu.externaltools.gnu-tools-for-stm32.10.3-2021.10.win32_1.0.0.202111181127/tools/bin/../lib/gcc/arm-none-eabi/10.3.1/../../../../arm-none-eabi/lib/thumb/v7-m/nofp\libnosys.a
END GROUP
LOAD c:/st/stm32cubeide_1.10.1/stm32cubeide/plugins/com.st.stm32cube.ide.mcu.externaltools.gnu-tools-for-stm32.10.3-2021.10.win32_1.0.0.202111181127/tools/bin/../lib/gcc/arm-none-eabi/10.3.1/thumb/v7-m/nofp/crtend.o
LOAD c:/st/stm32cubeide_1.10.1/stm32cubeide/plugins/com.st.stm32cube.ide.mcu.externaltools.gnu-tools-for-stm32.10.3-2021.10.win32_1.0.0.202111181127/tools/bin/../lib/gcc/arm-none-eabi/10.3.1/thumb/v7-m/nofp/crtn.o
                0x0000000020008000                _estack = (ORIGIN (RAM) + LENGTH (RAM))
                0x0000000000000200                _Min_Heap_Size = 0x200
                0x0000000000000400                _Min_Stack_Size = 0x400

.isr_vector     0x0000000008000000      0x13c
                0x0000000008000000                . = ALIGN (0x4)
 *(.isr_vector)
 .isr_vector    0x0000000008000000      0x13c ./Core/Startup/startup_stm32l151cbtxa.o
                0x0000000008000000                g_pfnVectors
                0x000000000800013c                . = ALIGN (0x4)

.text           0x000000000800013c     0xa8d0
                0x000000000800013c                . = ALIGN (0x4)
 *(.text)
 .text          0x000000000800013c       0x40 c:/st/stm32cubeide_1.10.1/stm32cubeide/plugins/com.st.stm32cube.ide.mcu.externaltools.gnu-tools-for-stm32.10.3-2021.10.win32_1.0.0.202111181127/tools/bin/../lib/gcc/arm-none-eabi/10.3.1/thumb/v7-m/nofp/crtbegin.o
 .text          0x000000000800017c       0x30 c:/st/stm32cubeide_1.10.1/stm32cubeide/plugins/com.st.stm32cube.ide.mcu.externaltools.gnu-tools-for-stm32.10.3-2021.10.win32_1.0.0.202111181127/tools/bin/../lib/gcc/arm-none-eabi/10.3.1/thumb/v7-m/nofp\libgcc.a(_aeabi_uldivmod.o)
                0x000000000800017c                __aeabi_uldivmod
 .text          0x00000000080001ac      0x2d4 c:/st/stm32cubeide_1.10.1/stm32cubeide/plugins/com.st.stm32cube.ide.mcu.externaltools.gnu-tools-for-stm32.10.3-2021.10.win32_1.0.0.202111181127/tools/bin/../lib/gcc/arm-none-eabi/10.3.1/thumb/v7-m/nofp\libgcc.a(_udivmoddi4.o)
                0x00000000080001ac                __udivmoddi4
 .text          0x0000000008000480        0x4 c:/st/stm32cubeide_1.10.1/stm32cubeide/plugins/com.st.stm32cube.ide.mcu.externaltools.gnu-tools-for-stm32.10.3-2021.10.win32_1.0.0.202111181127/tools/bin/../lib/gcc/arm-none-eabi/10.3.1/thumb/v7-m/nofp\libgcc.a(_dvmd_tls.o)
                0x0000000008000480                __aeabi_idiv0
                0x0000000008000480                __aeabi_ldiv0
 *(.text*)
 .text.MX_GPIO_Init
                0x0000000008000484      0x1ec ./Core/Src/gpio.o
                0x0000000008000484                MX_GPIO_Init
 .text.MX_I2C1_Init
                0x0000000008000670       0x5c ./Core/Src/i2c.o
                0x0000000008000670                MX_I2C1_Init
 .text.MX_I2C2_Init
                0x00000000080006cc       0x5c ./Core/Src/i2c.o
                0x00000000080006cc                MX_I2C2_Init
 .text.HAL_I2C_MspInit
                0x0000000008000728       0xec ./Core/Src/i2c.o
                0x0000000008000728                HAL_I2C_MspInit
 .text.HAL_GPIO_EXTI_Callback
                0x0000000008000814      0x138 ./Core/Src/keys.o
                0x0000000008000814                HAL_GPIO_EXTI_Callback
 .text.HAL_TIM_PeriodElapsedCallback
                0x000000000800094c      0x140 ./Core/Src/keys.o
                0x000000000800094c                HAL_TIM_PeriodElapsedCallback
 .text.Set_Col_LOW
                0x0000000008000a8c      0x23c ./Core/Src/keys.o
                0x0000000008000a8c                Set_Col_LOW
 .text.Scan_Routine
                0x0000000008000cc8      0x234 ./Core/Src/keys.o
                0x0000000008000cc8                Scan_Routine
 .text.HID_Buf_Routine
                0x0000000008000efc      0x250 ./Core/Src/keys.o
                0x0000000008000efc                HID_Buf_Routine
 .text.LEDS_Toggle
                0x000000000800114c       0x80 ./Core/Src/knob.o
                0x000000000800114c                LEDS_Toggle
 .text.KnobRoutine
                0x00000000080011cc      0x248 ./Core/Src/knob.o
                0x00000000080011cc                KnobRoutine
 .text.Shuttle_mode_Routine
                0x0000000008001414      0x248 ./Core/Src/knob.o
                0x0000000008001414                Shuttle_mode_Routine
 .text.main     0x000000000800165c      0x11c ./Core/Src/main.o
                0x000000000800165c                main
 .text.SystemClock_Config
                0x0000000008001778       0x98 ./Core/Src/main.o
                0x0000000008001778                SystemClock_Config
 .text.LongPress_Routine
                0x0000000008001810      0x284 ./Core/Src/main.o
                0x0000000008001810                LongPress_Routine
 .text.LED_Routine
                0x0000000008001a94       0x3c ./Core/Src/main.o
                0x0000000008001a94                LED_Routine
 .text.KnobModeLED
                0x0000000008001ad0       0x8c ./Core/Src/main.o
                0x0000000008001ad0                KnobModeLED
 .text.Error_Handler
                0x0000000008001b5c        0xa ./Core/Src/main.o
                0x0000000008001b5c                Error_Handler
 *fill*         0x0000000008001b66        0x2 
 .text.HAL_UART_RxCpltCallback
                0x0000000008001b68       0x4c ./Core/Src/nextion.o
                0x0000000008001b68                HAL_UART_RxCpltCallback
 .text.HAL_MspInit
                0x0000000008001bb4       0x5c ./Core/Src/stm32l1xx_hal_msp.o
                0x0000000008001bb4                HAL_MspInit
 .text.NMI_Handler
                0x0000000008001c10        0x6 ./Core/Src/stm32l1xx_it.o
                0x0000000008001c10                NMI_Handler
 .text.HardFault_Handler
                0x0000000008001c16        0x6 ./Core/Src/stm32l1xx_it.o
                0x0000000008001c16                HardFault_Handler
 .text.MemManage_Handler
                0x0000000008001c1c        0x6 ./Core/Src/stm32l1xx_it.o
                0x0000000008001c1c                MemManage_Handler
 .text.BusFault_Handler
                0x0000000008001c22        0x6 ./Core/Src/stm32l1xx_it.o
                0x0000000008001c22                BusFault_Handler
 .text.UsageFault_Handler
                0x0000000008001c28        0x6 ./Core/Src/stm32l1xx_it.o
                0x0000000008001c28                UsageFault_Handler
 .text.SVC_Handler
                0x0000000008001c2e        0xc ./Core/Src/stm32l1xx_it.o
                0x0000000008001c2e                SVC_Handler
 .text.DebugMon_Handler
                0x0000000008001c3a        0xc ./Core/Src/stm32l1xx_it.o
                0x0000000008001c3a                DebugMon_Handler
 .text.PendSV_Handler
                0x0000000008001c46        0xc ./Core/Src/stm32l1xx_it.o
                0x0000000008001c46                PendSV_Handler
 .text.SysTick_Handler
                0x0000000008001c52        0xc ./Core/Src/stm32l1xx_it.o
                0x0000000008001c52                SysTick_Handler
 .text.EXTI0_IRQHandler
                0x0000000008001c5e        0xe ./Core/Src/stm32l1xx_it.o
                0x0000000008001c5e                EXTI0_IRQHandler
 .text.EXTI1_IRQHandler
                0x0000000008001c6c        0xe ./Core/Src/stm32l1xx_it.o
                0x0000000008001c6c                EXTI1_IRQHandler
 .text.EXTI2_IRQHandler
                0x0000000008001c7a        0xe ./Core/Src/stm32l1xx_it.o
                0x0000000008001c7a                EXTI2_IRQHandler
 .text.EXTI3_IRQHandler
                0x0000000008001c88        0xe ./Core/Src/stm32l1xx_it.o
                0x0000000008001c88                EXTI3_IRQHandler
 .text.EXTI4_IRQHandler
                0x0000000008001c96        0xe ./Core/Src/stm32l1xx_it.o
                0x0000000008001c96                EXTI4_IRQHandler
 .text.USB_HP_IRQHandler
                0x0000000008001ca4       0x14 ./Core/Src/stm32l1xx_it.o
                0x0000000008001ca4                USB_HP_IRQHandler
 .text.USB_LP_IRQHandler
                0x0000000008001cb8       0x14 ./Core/Src/stm32l1xx_it.o
                0x0000000008001cb8                USB_LP_IRQHandler
 .text.EXTI9_5_IRQHandler
                0x0000000008001ccc        0xe ./Core/Src/stm32l1xx_it.o
                0x0000000008001ccc                EXTI9_5_IRQHandler
 *fill*         0x0000000008001cda        0x2 
 .text.TIM10_IRQHandler
                0x0000000008001cdc       0x1c ./Core/Src/stm32l1xx_it.o
                0x0000000008001cdc                TIM10_IRQHandler
 .text.USART1_IRQHandler
                0x0000000008001cf8       0x14 ./Core/Src/stm32l1xx_it.o
                0x0000000008001cf8                USART1_IRQHandler
 .text.TIM6_IRQHandler
                0x0000000008001d0c       0x1c ./Core/Src/stm32l1xx_it.o
                0x0000000008001d0c                TIM6_IRQHandler
 .text.TIM7_IRQHandler
                0x0000000008001d28       0x14 ./Core/Src/stm32l1xx_it.o
                0x0000000008001d28                TIM7_IRQHandler
 .text.SystemInit
                0x0000000008001d3c        0xc ./Core/Src/system_stm32l1xx.o
                0x0000000008001d3c                SystemInit
 .text.MX_TIM2_Init
                0x0000000008001d48       0xa8 ./Core/Src/tim.o
                0x0000000008001d48                MX_TIM2_Init
 .text.MX_TIM6_Init
                0x0000000008001df0       0x6c ./Core/Src/tim.o
                0x0000000008001df0                MX_TIM6_Init
 .text.MX_TIM7_Init
                0x0000000008001e5c       0x6c ./Core/Src/tim.o
                0x0000000008001e5c                MX_TIM7_Init
 .text.MX_TIM10_Init
                0x0000000008001ec8       0x74 ./Core/Src/tim.o
                0x0000000008001ec8                MX_TIM10_Init
 .text.HAL_TIM_Encoder_MspInit
                0x0000000008001f3c       0xc0 ./Core/Src/tim.o
                0x0000000008001f3c                HAL_TIM_Encoder_MspInit
 .text.HAL_TIM_Base_MspInit
                0x0000000008001ffc       0xbc ./Core/Src/tim.o
                0x0000000008001ffc                HAL_TIM_Base_MspInit
 .text.MX_USART1_UART_Init
                0x00000000080020b8       0x54 ./Core/Src/usart.o
                0x00000000080020b8                MX_USART1_UART_Init
 .text.HAL_UART_MspInit
                0x000000000800210c       0x98 ./Core/Src/usart.o
                0x000000000800210c                HAL_UART_MspInit
 .text.Reset_Handler
                0x00000000080021a4       0x48 ./Core/Startup/startup_stm32l151cbtxa.o
                0x00000000080021a4                Reset_Handler
 .text.Default_Handler
                0x00000000080021ec        0x2 ./Core/Startup/startup_stm32l151cbtxa.o
                0x00000000080021ec                RTC_Alarm_IRQHandler
                0x00000000080021ec                PVD_IRQHandler
                0x00000000080021ec                I2C2_EV_IRQHandler
                0x00000000080021ec                SPI1_IRQHandler
                0x00000000080021ec                USB_FS_WKUP_IRQHandler
                0x00000000080021ec                DMA1_Channel4_IRQHandler
                0x00000000080021ec                ADC1_IRQHandler
                0x00000000080021ec                USART3_IRQHandler
                0x00000000080021ec                DMA1_Channel7_IRQHandler
                0x00000000080021ec                TIM4_IRQHandler
                0x00000000080021ec                I2C1_EV_IRQHandler
                0x00000000080021ec                DMA1_Channel6_IRQHandler
                0x00000000080021ec                TIM3_IRQHandler
                0x00000000080021ec                RCC_IRQHandler
                0x00000000080021ec                DMA1_Channel1_IRQHandler
                0x00000000080021ec                Default_Handler
                0x00000000080021ec                EXTI15_10_IRQHandler
                0x00000000080021ec                TIM9_IRQHandler
                0x00000000080021ec                TAMPER_STAMP_IRQHandler
                0x00000000080021ec                RTC_WKUP_IRQHandler
                0x00000000080021ec                SPI2_IRQHandler
                0x00000000080021ec                DMA1_Channel5_IRQHandler
                0x00000000080021ec                DMA1_Channel3_IRQHandler
                0x00000000080021ec                COMP_IRQHandler
                0x00000000080021ec                WWDG_IRQHandler
                0x00000000080021ec                TIM2_IRQHandler
                0x00000000080021ec                DAC_IRQHandler
                0x00000000080021ec                TIM11_IRQHandler
                0x00000000080021ec                USART2_IRQHandler
                0x00000000080021ec                I2C2_ER_IRQHandler
                0x00000000080021ec                DMA1_Channel2_IRQHandler
                0x00000000080021ec                FLASH_IRQHandler
                0x00000000080021ec                I2C1_ER_IRQHandler
 .text.HAL_Init
                0x00000000080021ee       0x30 ./Drivers/STM32L1xx_HAL_Driver/Src/stm32l1xx_hal.o
                0x00000000080021ee                HAL_Init
 *fill*         0x000000000800221e        0x2 
 .text.HAL_InitTick
                0x0000000008002220       0x74 ./Drivers/STM32L1xx_HAL_Driver/Src/stm32l1xx_hal.o
                0x0000000008002220                HAL_InitTick
 .text.HAL_IncTick
                0x0000000008002294       0x24 ./Drivers/STM32L1xx_HAL_Driver/Src/stm32l1xx_hal.o
                0x0000000008002294                HAL_IncTick
 .text.HAL_GetTick
                0x00000000080022b8       0x14 ./Drivers/STM32L1xx_HAL_Driver/Src/stm32l1xx_hal.o
                0x00000000080022b8                HAL_GetTick
 .text.HAL_Delay
                0x00000000080022cc       0x44 ./Drivers/STM32L1xx_HAL_Driver/Src/stm32l1xx_hal.o
                0x00000000080022cc                HAL_Delay
 .text.__NVIC_SetPriorityGrouping
                0x0000000008002310       0x48 ./Drivers/STM32L1xx_HAL_Driver/Src/stm32l1xx_hal_cortex.o
 .text.__NVIC_GetPriorityGrouping
                0x0000000008002358       0x1c ./Drivers/STM32L1xx_HAL_Driver/Src/stm32l1xx_hal_cortex.o
 .text.__NVIC_EnableIRQ
                0x0000000008002374       0x38 ./Drivers/STM32L1xx_HAL_Driver/Src/stm32l1xx_hal_cortex.o
 .text.__NVIC_SetPriority
                0x00000000080023ac       0x54 ./Drivers/STM32L1xx_HAL_Driver/Src/stm32l1xx_hal_cortex.o
 .text.NVIC_EncodePriority
                0x0000000008002400       0x64 ./Drivers/STM32L1xx_HAL_Driver/Src/stm32l1xx_hal_cortex.o
 .text.SysTick_Config
                0x0000000008002464       0x44 ./Drivers/STM32L1xx_HAL_Driver/Src/stm32l1xx_hal_cortex.o
 .text.HAL_NVIC_SetPriorityGrouping
                0x00000000080024a8       0x16 ./Drivers/STM32L1xx_HAL_Driver/Src/stm32l1xx_hal_cortex.o
                0x00000000080024a8                HAL_NVIC_SetPriorityGrouping
 .text.HAL_NVIC_SetPriority
                0x00000000080024be       0x38 ./Drivers/STM32L1xx_HAL_Driver/Src/stm32l1xx_hal_cortex.o
                0x00000000080024be                HAL_NVIC_SetPriority
 .text.HAL_NVIC_EnableIRQ
                0x00000000080024f6       0x1c ./Drivers/STM32L1xx_HAL_Driver/Src/stm32l1xx_hal_cortex.o
                0x00000000080024f6                HAL_NVIC_EnableIRQ
 .text.HAL_SYSTICK_Config
                0x0000000008002512       0x18 ./Drivers/STM32L1xx_HAL_Driver/Src/stm32l1xx_hal_cortex.o
                0x0000000008002512                HAL_SYSTICK_Config
 .text.HAL_DMA_Abort
                0x000000000800252a       0x7a ./Drivers/STM32L1xx_HAL_Driver/Src/stm32l1xx_hal_dma.o
                0x000000000800252a                HAL_DMA_Abort
 .text.HAL_DMA_Abort_IT
                0x00000000080025a4       0x82 ./Drivers/STM32L1xx_HAL_Driver/Src/stm32l1xx_hal_dma.o
                0x00000000080025a4                HAL_DMA_Abort_IT
 *fill*         0x0000000008002626        0x2 
 .text.HAL_GPIO_Init
                0x0000000008002628      0x300 ./Drivers/STM32L1xx_HAL_Driver/Src/stm32l1xx_hal_gpio.o
                0x0000000008002628                HAL_GPIO_Init
 .text.HAL_GPIO_ReadPin
                0x0000000008002928       0x2e ./Drivers/STM32L1xx_HAL_Driver/Src/stm32l1xx_hal_gpio.o
                0x0000000008002928                HAL_GPIO_ReadPin
 .text.HAL_GPIO_WritePin
                0x0000000008002956       0x30 ./Drivers/STM32L1xx_HAL_Driver/Src/stm32l1xx_hal_gpio.o
                0x0000000008002956                HAL_GPIO_WritePin
 *fill*         0x0000000008002986        0x2 
 .text.HAL_GPIO_EXTI_IRQHandler
                0x0000000008002988       0x30 ./Drivers/STM32L1xx_HAL_Driver/Src/stm32l1xx_hal_gpio.o
                0x0000000008002988                HAL_GPIO_EXTI_IRQHandler
 .text.HAL_I2C_Init
                0x00000000080029b8      0x288 ./Drivers/STM32L1xx_HAL_Driver/Src/stm32l1xx_hal_i2c.o
                0x00000000080029b8                HAL_I2C_Init
 .text.HAL_PCD_Init
                0x0000000008002c40      0x1bc ./Drivers/STM32L1xx_HAL_Driver/Src/stm32l1xx_hal_pcd.o
                0x0000000008002c40                HAL_PCD_Init
 .text.HAL_PCD_Start
                0x0000000008002dfc       0x4c ./Drivers/STM32L1xx_HAL_Driver/Src/stm32l1xx_hal_pcd.o
                0x0000000008002dfc                HAL_PCD_Start
 .text.HAL_PCD_IRQHandler
                0x0000000008002e48      0x1ee ./Drivers/STM32L1xx_HAL_Driver/Src/stm32l1xx_hal_pcd.o
                0x0000000008002e48                HAL_PCD_IRQHandler
 .text.HAL_PCD_SetAddress
                0x0000000008003036       0x4a ./Drivers/STM32L1xx_HAL_Driver/Src/stm32l1xx_hal_pcd.o
                0x0000000008003036                HAL_PCD_SetAddress
 .text.HAL_PCD_EP_Open
                0x0000000008003080       0xcc ./Drivers/STM32L1xx_HAL_Driver/Src/stm32l1xx_hal_pcd.o
                0x0000000008003080                HAL_PCD_EP_Open
 .text.HAL_PCD_EP_Close
                0x000000000800314c       0x90 ./Drivers/STM32L1xx_HAL_Driver/Src/stm32l1xx_hal_pcd.o
                0x000000000800314c                HAL_PCD_EP_Close
 .text.HAL_PCD_EP_Receive
                0x00000000080031dc       0x7a ./Drivers/STM32L1xx_HAL_Driver/Src/stm32l1xx_hal_pcd.o
                0x00000000080031dc                HAL_PCD_EP_Receive
 .text.HAL_PCD_EP_Transmit
                0x0000000008003256       0x86 ./Drivers/STM32L1xx_HAL_Driver/Src/stm32l1xx_hal_pcd.o
                0x0000000008003256                HAL_PCD_EP_Transmit
 .text.HAL_PCD_EP_SetStall
                0x00000000080032dc       0xa4 ./Drivers/STM32L1xx_HAL_Driver/Src/stm32l1xx_hal_pcd.o
                0x00000000080032dc                HAL_PCD_EP_SetStall
 .text.HAL_PCD_EP_ClrStall
                0x0000000008003380       0xa8 ./Drivers/STM32L1xx_HAL_Driver/Src/stm32l1xx_hal_pcd.o
                0x0000000008003380                HAL_PCD_EP_ClrStall
 .text.PCD_EP_ISR_Handler
                0x0000000008003428      0x600 ./Drivers/STM32L1xx_HAL_Driver/Src/stm32l1xx_hal_pcd.o
 .text.HAL_PCD_EP_DB_Receive
                0x0000000008003a28      0x21a ./Drivers/STM32L1xx_HAL_Driver/Src/stm32l1xx_hal_pcd.o
 .text.HAL_PCD_EP_DB_Transmit
                0x0000000008003c42      0x7a4 ./Drivers/STM32L1xx_HAL_Driver/Src/stm32l1xx_hal_pcd.o
 .text.HAL_PCDEx_PMAConfig
                0x00000000080043e6       0x84 ./Drivers/STM32L1xx_HAL_Driver/Src/stm32l1xx_hal_pcd_ex.o
                0x00000000080043e6                HAL_PCDEx_PMAConfig
 *fill*         0x000000000800446a        0x2 
 .text.HAL_RCC_OscConfig
                0x000000000800446c      0x660 ./Drivers/STM32L1xx_HAL_Driver/Src/stm32l1xx_hal_rcc.o
                0x000000000800446c                HAL_RCC_OscConfig
 .text.HAL_RCC_ClockConfig
                0x0000000008004acc      0x268 ./Drivers/STM32L1xx_HAL_Driver/Src/stm32l1xx_hal_rcc.o
                0x0000000008004acc                HAL_RCC_ClockConfig
 .text.HAL_RCC_GetSysClockFreq
                0x0000000008004d34      0x17c ./Drivers/STM32L1xx_HAL_Driver/Src/stm32l1xx_hal_rcc.o
                0x0000000008004d34                HAL_RCC_GetSysClockFreq
 .text.HAL_RCC_GetHCLKFreq
                0x0000000008004eb0       0x14 ./Drivers/STM32L1xx_HAL_Driver/Src/stm32l1xx_hal_rcc.o
                0x0000000008004eb0                HAL_RCC_GetHCLKFreq
 .text.HAL_RCC_GetPCLK1Freq
                0x0000000008004ec4       0x28 ./Drivers/STM32L1xx_HAL_Driver/Src/stm32l1xx_hal_rcc.o
                0x0000000008004ec4                HAL_RCC_GetPCLK1Freq
 .text.HAL_RCC_GetPCLK2Freq
                0x0000000008004eec       0x28 ./Drivers/STM32L1xx_HAL_Driver/Src/stm32l1xx_hal_rcc.o
                0x0000000008004eec                HAL_RCC_GetPCLK2Freq
 .text.RCC_SetFlashLatencyFromMSIRange
                0x0000000008004f14       0xc0 ./Drivers/STM32L1xx_HAL_Driver/Src/stm32l1xx_hal_rcc.o
 .text.HAL_TIM_Base_Init
                0x0000000008004fd4       0x7e ./Drivers/STM32L1xx_HAL_Driver/Src/stm32l1xx_hal_tim.o
                0x0000000008004fd4                HAL_TIM_Base_Init
 *fill*         0x0000000008005052        0x2 
 .text.HAL_TIM_Base_Start_IT
                0x0000000008005054       0xa4 ./Drivers/STM32L1xx_HAL_Driver/Src/stm32l1xx_hal_tim.o
                0x0000000008005054                HAL_TIM_Base_Start_IT
 .text.HAL_TIM_Base_Stop_IT
                0x00000000080050f8       0x4c ./Drivers/STM32L1xx_HAL_Driver/Src/stm32l1xx_hal_tim.o
                0x00000000080050f8                HAL_TIM_Base_Stop_IT
 .text.HAL_TIM_Encoder_Init
                0x0000000008005144      0x13c ./Drivers/STM32L1xx_HAL_Driver/Src/stm32l1xx_hal_tim.o
                0x0000000008005144                HAL_TIM_Encoder_Init
 .text.HAL_TIM_Encoder_Start
                0x0000000008005280       0xd4 ./Drivers/STM32L1xx_HAL_Driver/Src/stm32l1xx_hal_tim.o
                0x0000000008005280                HAL_TIM_Encoder_Start
 .text.HAL_TIM_IRQHandler
                0x0000000008005354      0x1b8 ./Drivers/STM32L1xx_HAL_Driver/Src/stm32l1xx_hal_tim.o
                0x0000000008005354                HAL_TIM_IRQHandler
 .text.HAL_TIM_ConfigClockSource
                0x000000000800550c      0x188 ./Drivers/STM32L1xx_HAL_Driver/Src/stm32l1xx_hal_tim.o
                0x000000000800550c                HAL_TIM_ConfigClockSource
 .text.HAL_TIM_OC_DelayElapsedCallback
                0x0000000008005694       0x12 ./Drivers/STM32L1xx_HAL_Driver/Src/stm32l1xx_hal_tim.o
                0x0000000008005694                HAL_TIM_OC_DelayElapsedCallback
 .text.HAL_TIM_IC_CaptureCallback
                0x00000000080056a6       0x12 ./Drivers/STM32L1xx_HAL_Driver/Src/stm32l1xx_hal_tim.o
                0x00000000080056a6                HAL_TIM_IC_CaptureCallback
 .text.HAL_TIM_PWM_PulseFinishedCallback
                0x00000000080056b8       0x12 ./Drivers/STM32L1xx_HAL_Driver/Src/stm32l1xx_hal_tim.o
                0x00000000080056b8                HAL_TIM_PWM_PulseFinishedCallback
 .text.HAL_TIM_TriggerCallback
                0x00000000080056ca       0x12 ./Drivers/STM32L1xx_HAL_Driver/Src/stm32l1xx_hal_tim.o
                0x00000000080056ca                HAL_TIM_TriggerCallback
 .text.TIM_Base_SetConfig
                0x00000000080056dc       0xc4 ./Drivers/STM32L1xx_HAL_Driver/Src/stm32l1xx_hal_tim.o
 .text.TIM_TI1_ConfigInputStage
                0x00000000080057a0       0x5c ./Drivers/STM32L1xx_HAL_Driver/Src/stm32l1xx_hal_tim.o
 .text.TIM_TI2_ConfigInputStage
                0x00000000080057fc       0x5e ./Drivers/STM32L1xx_HAL_Driver/Src/stm32l1xx_hal_tim.o
 .text.TIM_ITRx_SetConfig
                0x000000000800585a       0x34 ./Drivers/STM32L1xx_HAL_Driver/Src/stm32l1xx_hal_tim.o
 .text.TIM_ETR_SetConfig
                0x000000000800588e       0x3e ./Drivers/STM32L1xx_HAL_Driver/Src/stm32l1xx_hal_tim.o
 .text.TIM_CCxChannelCmd
                0x00000000080058cc       0x48 ./Drivers/STM32L1xx_HAL_Driver/Src/stm32l1xx_hal_tim.o
 .text.HAL_TIMEx_MasterConfigSynchronization
                0x0000000008005914       0xbc ./Drivers/STM32L1xx_HAL_Driver/Src/stm32l1xx_hal_tim_ex.o
                0x0000000008005914                HAL_TIMEx_MasterConfigSynchronization
 .text.HAL_UART_Init
                0x00000000080059d0       0x9a ./Drivers/STM32L1xx_HAL_Driver/Src/stm32l1xx_hal_uart.o
                0x00000000080059d0                HAL_UART_Init
 .text.HAL_UART_Receive_IT
                0x0000000008005a6a       0x60 ./Drivers/STM32L1xx_HAL_Driver/Src/stm32l1xx_hal_uart.o
                0x0000000008005a6a                HAL_UART_Receive_IT
 *fill*         0x0000000008005aca        0x2 
 .text.HAL_UART_IRQHandler
                0x0000000008005acc      0x354 ./Drivers/STM32L1xx_HAL_Driver/Src/stm32l1xx_hal_uart.o
                0x0000000008005acc                HAL_UART_IRQHandler
 .text.HAL_UART_TxCpltCallback
                0x0000000008005e20       0x12 ./Drivers/STM32L1xx_HAL_Driver/Src/stm32l1xx_hal_uart.o
                0x0000000008005e20                HAL_UART_TxCpltCallback
 .text.HAL_UART_ErrorCallback
                0x0000000008005e32       0x12 ./Drivers/STM32L1xx_HAL_Driver/Src/stm32l1xx_hal_uart.o
                0x0000000008005e32                HAL_UART_ErrorCallback
 .text.HAL_UARTEx_RxEventCallback
                0x0000000008005e44       0x16 ./Drivers/STM32L1xx_HAL_Driver/Src/stm32l1xx_hal_uart.o
                0x0000000008005e44                HAL_UARTEx_RxEventCallback
 .text.UART_Start_Receive_IT
                0x0000000008005e5a       0x72 ./Drivers/STM32L1xx_HAL_Driver/Src/stm32l1xx_hal_uart.o
                0x0000000008005e5a                UART_Start_Receive_IT
 .text.UART_EndRxTransfer
                0x0000000008005ecc       0x58 ./Drivers/STM32L1xx_HAL_Driver/Src/stm32l1xx_hal_uart.o
 .text.UART_DMAAbortOnError
                0x0000000008005f24       0x28 ./Drivers/STM32L1xx_HAL_Driver/Src/stm32l1xx_hal_uart.o
 .text.UART_Transmit_IT
                0x0000000008005f4c       0x9e ./Drivers/STM32L1xx_HAL_Driver/Src/stm32l1xx_hal_uart.o
 .text.UART_EndTransmit_IT
                0x0000000008005fea       0x30 ./Drivers/STM32L1xx_HAL_Driver/Src/stm32l1xx_hal_uart.o
 .text.UART_Receive_IT
                0x000000000800601a      0x152 ./Drivers/STM32L1xx_HAL_Driver/Src/stm32l1xx_hal_uart.o
 .text.UART_SetConfig
                0x000000000800616c      0x1c8 ./Drivers/STM32L1xx_HAL_Driver/Src/stm32l1xx_hal_uart.o
 .text.USB_EnableGlobalInt
                0x0000000008006334       0x2c ./Drivers/STM32L1xx_HAL_Driver/Src/stm32l1xx_ll_usb.o
                0x0000000008006334                USB_EnableGlobalInt
 .text.USB_DisableGlobalInt
                0x0000000008006360       0x34 ./Drivers/STM32L1xx_HAL_Driver/Src/stm32l1xx_ll_usb.o
                0x0000000008006360                USB_DisableGlobalInt
 .text.USB_DevInit
                0x0000000008006394       0x40 ./Drivers/STM32L1xx_HAL_Driver/Src/stm32l1xx_ll_usb.o
                0x0000000008006394                USB_DevInit
 .text.USB_ActivateEndpoint
                0x00000000080063d4      0x6d4 ./Drivers/STM32L1xx_HAL_Driver/Src/stm32l1xx_ll_usb.o
                0x00000000080063d4                USB_ActivateEndpoint
 .text.USB_DeactivateEndpoint
                0x0000000008006aa8      0x3d8 ./Drivers/STM32L1xx_HAL_Driver/Src/stm32l1xx_ll_usb.o
                0x0000000008006aa8                USB_DeactivateEndpoint
 .text.USB_EPStartXfer
                0x0000000008006e80     0x1c70 ./Drivers/STM32L1xx_HAL_Driver/Src/stm32l1xx_ll_usb.o
                0x0000000008006e80                USB_EPStartXfer
 .text.USB_EPSetStall
                0x0000000008008af0       0xa0 ./Drivers/STM32L1xx_HAL_Driver/Src/stm32l1xx_ll_usb.o
                0x0000000008008af0                USB_EPSetStall
 .text.USB_EPClearStall
                0x0000000008008b90      0x15a ./Drivers/STM32L1xx_HAL_Driver/Src/stm32l1xx_ll_usb.o
                0x0000000008008b90                USB_EPClearStall
 .text.USB_SetDevAddress
                0x0000000008008cea       0x26 ./Drivers/STM32L1xx_HAL_Driver/Src/stm32l1xx_ll_usb.o
                0x0000000008008cea                USB_SetDevAddress
 .text.USB_DevConnect
                0x0000000008008d10       0x14 ./Drivers/STM32L1xx_HAL_Driver/Src/stm32l1xx_ll_usb.o
                0x0000000008008d10                USB_DevConnect
 .text.USB_ReadInterrupts
                0x0000000008008d24       0x1e ./Drivers/STM32L1xx_HAL_Driver/Src/stm32l1xx_ll_usb.o
                0x0000000008008d24                USB_ReadInterrupts
 .text.USB_WritePMA
                0x0000000008008d42       0x8a ./Drivers/STM32L1xx_HAL_Driver/Src/stm32l1xx_ll_usb.o
                0x0000000008008d42                USB_WritePMA
 .text.USB_ReadPMA
                0x0000000008008dcc       0x9e ./Drivers/STM32L1xx_HAL_Driver/Src/stm32l1xx_ll_usb.o
                0x0000000008008dcc                USB_ReadPMA
 .text.USBD_HID_Init
                0x0000000008008e6a       0x4e ./Middlewares/ST/STM32_USB_Device_Library/Class/HID/Src/usbd_hid.o
 .text.USBD_HID_DeInit
                0x0000000008008eb8       0x42 ./Middlewares/ST/STM32_USB_Device_Library/Class/HID/Src/usbd_hid.o
 *fill*         0x0000000008008efa        0x2 
 .text.USBD_HID_Setup
                0x0000000008008efc      0x1fc ./Middlewares/ST/STM32_USB_Device_Library/Class/HID/Src/usbd_hid.o
 .text.USBD_HID_SendReport
                0x00000000080090f8       0x44 ./Middlewares/ST/STM32_USB_Device_Library/Class/HID/Src/usbd_hid.o
                0x00000000080090f8                USBD_HID_SendReport
 .text.USBD_HID_GetFSCfgDesc
                0x000000000800913c       0x20 ./Middlewares/ST/STM32_USB_Device_Library/Class/HID/Src/usbd_hid.o
 .text.USBD_HID_GetHSCfgDesc
                0x000000000800915c       0x20 ./Middlewares/ST/STM32_USB_Device_Library/Class/HID/Src/usbd_hid.o
 .text.USBD_HID_GetOtherSpeedCfgDesc
                0x000000000800917c       0x20 ./Middlewares/ST/STM32_USB_Device_Library/Class/HID/Src/usbd_hid.o
 .text.USBD_HID_DataIn
                0x000000000800919c       0x22 ./Middlewares/ST/STM32_USB_Device_Library/Class/HID/Src/usbd_hid.o
 *fill*         0x00000000080091be        0x2 
 .text.USBD_HID_GetDeviceQualifierDesc
                0x00000000080091c0       0x20 ./Middlewares/ST/STM32_USB_Device_Library/Class/HID/Src/usbd_hid.o
 .text.USBD_Init
                0x00000000080091e0       0x56 ./Middlewares/ST/STM32_USB_Device_Library/Core/Src/usbd_core.o
                0x00000000080091e0                USBD_Init
 .text.USBD_RegisterClass
                0x0000000008009236       0x32 ./Middlewares/ST/STM32_USB_Device_Library/Core/Src/usbd_core.o
                0x0000000008009236                USBD_RegisterClass
 .text.USBD_Start
                0x0000000008009268       0x18 ./Middlewares/ST/STM32_USB_Device_Library/Core/Src/usbd_core.o
                0x0000000008009268                USBD_Start
 .text.USBD_RunTestMode
                0x0000000008009280       0x14 ./Middlewares/ST/STM32_USB_Device_Library/Core/Src/usbd_core.o
                0x0000000008009280                USBD_RunTestMode
 .text.USBD_SetClassConfig
                0x0000000008009294       0x3e ./Middlewares/ST/STM32_USB_Device_Library/Core/Src/usbd_core.o
                0x0000000008009294                USBD_SetClassConfig
 .text.USBD_ClrClassConfig
                0x00000000080092d2       0x26 ./Middlewares/ST/STM32_USB_Device_Library/Core/Src/usbd_core.o
                0x00000000080092d2                USBD_ClrClassConfig
 .text.USBD_LL_SetupStage
                0x00000000080092f8       0x9a ./Middlewares/ST/STM32_USB_Device_Library/Core/Src/usbd_core.o
                0x00000000080092f8                USBD_LL_SetupStage
 .text.USBD_LL_DataOutStage
                0x0000000008009392       0xe2 ./Middlewares/ST/STM32_USB_Device_Library/Core/Src/usbd_core.o
                0x0000000008009392                USBD_LL_DataOutStage
 .text.USBD_LL_DataInStage
                0x0000000008009474      0x14a ./Middlewares/ST/STM32_USB_Device_Library/Core/Src/usbd_core.o
                0x0000000008009474                USBD_LL_DataInStage
 .text.USBD_LL_Reset
                0x00000000080095be       0x82 ./Middlewares/ST/STM32_USB_Device_Library/Core/Src/usbd_core.o
                0x00000000080095be                USBD_LL_Reset
 .text.USBD_LL_SetSpeed
                0x0000000008009640       0x1e ./Middlewares/ST/STM32_USB_Device_Library/Core/Src/usbd_core.o
                0x0000000008009640                USBD_LL_SetSpeed
 .text.USBD_LL_Suspend
                0x000000000800965e       0x28 ./Middlewares/ST/STM32_USB_Device_Library/Core/Src/usbd_core.o
                0x000000000800965e                USBD_LL_Suspend
 .text.USBD_LL_Resume
                0x0000000008009686       0x20 ./Middlewares/ST/STM32_USB_Device_Library/Core/Src/usbd_core.o
                0x0000000008009686                USBD_LL_Resume
 .text.USBD_LL_SOF
                0x00000000080096a6       0x34 ./Middlewares/ST/STM32_USB_Device_Library/Core/Src/usbd_core.o
                0x00000000080096a6                USBD_LL_SOF
 *fill*         0x00000000080096da        0x2 
 .text.USBD_StdDevReq
                0x00000000080096dc       0xd4 ./Middlewares/ST/STM32_USB_Device_Library/Core/Src/usbd_ctlreq.o
                0x00000000080096dc                USBD_StdDevReq
 .text.USBD_StdItfReq
                0x00000000080097b0       0x90 ./Middlewares/ST/STM32_USB_Device_Library/Core/Src/usbd_ctlreq.o
                0x00000000080097b0                USBD_StdItfReq
 .text.USBD_StdEPReq
                0x0000000008009840      0x2c2 ./Middlewares/ST/STM32_USB_Device_Library/Core/Src/usbd_ctlreq.o
                0x0000000008009840                USBD_StdEPReq
 *fill*         0x0000000008009b02        0x2 
 .text.USBD_GetDescriptor
                0x0000000008009b04      0x1f4 ./Middlewares/ST/STM32_USB_Device_Library/Core/Src/usbd_ctlreq.o
 .text.USBD_SetAddress
                0x0000000008009cf8       0x86 ./Middlewares/ST/STM32_USB_Device_Library/Core/Src/usbd_ctlreq.o
 *fill*         0x0000000008009d7e        0x2 
 .text.USBD_SetConfig
                0x0000000008009d80      0x11c ./Middlewares/ST/STM32_USB_Device_Library/Core/Src/usbd_ctlreq.o
 .text.USBD_GetConfig
                0x0000000008009e9c       0x6a ./Middlewares/ST/STM32_USB_Device_Library/Core/Src/usbd_ctlreq.o
 .text.USBD_GetStatus
                0x0000000008009f06       0x66 ./Middlewares/ST/STM32_USB_Device_Library/Core/Src/usbd_ctlreq.o
 .text.USBD_SetFeature
                0x0000000008009f6c       0x28 ./Middlewares/ST/STM32_USB_Device_Library/Core/Src/usbd_ctlreq.o
 .text.USBD_ClrFeature
                0x0000000008009f94       0x42 ./Middlewares/ST/STM32_USB_Device_Library/Core/Src/usbd_ctlreq.o
 .text.USBD_ParseSetupRequest
                0x0000000008009fd6       0x78 ./Middlewares/ST/STM32_USB_Device_Library/Core/Src/usbd_ctlreq.o
                0x0000000008009fd6                USBD_ParseSetupRequest
 .text.USBD_CtlError
                0x000000000800a04e       0x22 ./Middlewares/ST/STM32_USB_Device_Library/Core/Src/usbd_ctlreq.o
                0x000000000800a04e                USBD_CtlError
 .text.USBD_GetString
                0x000000000800a070       0x84 ./Middlewares/ST/STM32_USB_Device_Library/Core/Src/usbd_ctlreq.o
                0x000000000800a070                USBD_GetString
 .text.USBD_GetLen
                0x000000000800a0f4       0x2e ./Middlewares/ST/STM32_USB_Device_Library/Core/Src/usbd_ctlreq.o
 .text.USBD_CtlSendData
                0x000000000800a122       0x38 ./Middlewares/ST/STM32_USB_Device_Library/Core/Src/usbd_ioreq.o
                0x000000000800a122                USBD_CtlSendData
 .text.USBD_CtlContinueSendData
                0x000000000800a15a       0x24 ./Middlewares/ST/STM32_USB_Device_Library/Core/Src/usbd_ioreq.o
                0x000000000800a15a                USBD_CtlContinueSendData
 .text.USBD_CtlContinueRx
                0x000000000800a17e       0x24 ./Middlewares/ST/STM32_USB_Device_Library/Core/Src/usbd_ioreq.o
                0x000000000800a17e                USBD_CtlContinueRx
 .text.USBD_CtlSendStatus
                0x000000000800a1a2       0x26 ./Middlewares/ST/STM32_USB_Device_Library/Core/Src/usbd_ioreq.o
                0x000000000800a1a2                USBD_CtlSendStatus
 .text.USBD_CtlReceiveStatus
                0x000000000800a1c8       0x26 ./Middlewares/ST/STM32_USB_Device_Library/Core/Src/usbd_ioreq.o
                0x000000000800a1c8                USBD_CtlReceiveStatus
 *fill*         0x000000000800a1ee        0x2 
 .text.MX_USB_DEVICE_Init
                0x000000000800a1f0       0x4c ./USB_DEVICE/App/usb_device.o
                0x000000000800a1f0                MX_USB_DEVICE_Init
 .text.USBD_FS_DeviceDescriptor
                0x000000000800a23c       0x24 ./USB_DEVICE/App/usbd_desc.o
                0x000000000800a23c                USBD_FS_DeviceDescriptor
 .text.USBD_FS_LangIDStrDescriptor
                0x000000000800a260       0x24 ./USB_DEVICE/App/usbd_desc.o
                0x000000000800a260                USBD_FS_LangIDStrDescriptor
 .text.USBD_FS_ProductStrDescriptor
                0x000000000800a284       0x3c ./USB_DEVICE/App/usbd_desc.o
                0x000000000800a284                USBD_FS_ProductStrDescriptor
 .text.USBD_FS_ManufacturerStrDescriptor
                0x000000000800a2c0       0x28 ./USB_DEVICE/App/usbd_desc.o
                0x000000000800a2c0                USBD_FS_ManufacturerStrDescriptor
 .text.USBD_FS_SerialStrDescriptor
                0x000000000800a2e8       0x24 ./USB_DEVICE/App/usbd_desc.o
                0x000000000800a2e8                USBD_FS_SerialStrDescriptor
 .text.USBD_FS_ConfigStrDescriptor
                0x000000000800a30c       0x3c ./USB_DEVICE/App/usbd_desc.o
                0x000000000800a30c                USBD_FS_ConfigStrDescriptor
 .text.USBD_FS_InterfaceStrDescriptor
                0x000000000800a348       0x3c ./USB_DEVICE/App/usbd_desc.o
                0x000000000800a348                USBD_FS_InterfaceStrDescriptor
 .text.Get_SerialNum
                0x000000000800a384       0x58 ./USB_DEVICE/App/usbd_desc.o
 .text.IntToUnicode
                0x000000000800a3dc       0x7c ./USB_DEVICE/App/usbd_desc.o
 .text.HAL_PCDEx_SetConnectionState
                0x000000000800a458       0x3c ./USB_DEVICE/Target/usbd_conf.o
                0x000000000800a458                HAL_PCDEx_SetConnectionState
 .text.HAL_PCD_MspInit
                0x000000000800a494       0x5c ./USB_DEVICE/Target/usbd_conf.o
                0x000000000800a494                HAL_PCD_MspInit
 .text.HAL_PCD_SetupStageCallback
                0x000000000800a4f0       0x24 ./USB_DEVICE/Target/usbd_conf.o
                0x000000000800a4f0                HAL_PCD_SetupStageCallback
 .text.HAL_PCD_DataOutStageCallback
                0x000000000800a514       0x36 ./USB_DEVICE/Target/usbd_conf.o
                0x000000000800a514                HAL_PCD_DataOutStageCallback
 .text.HAL_PCD_DataInStageCallback
                0x000000000800a54a       0x34 ./USB_DEVICE/Target/usbd_conf.o
                0x000000000800a54a                HAL_PCD_DataInStageCallback
 .text.HAL_PCD_SOFCallback
                0x000000000800a57e       0x1c ./USB_DEVICE/Target/usbd_conf.o
                0x000000000800a57e                HAL_PCD_SOFCallback
 .text.HAL_PCD_ResetCallback
                0x000000000800a59a       0x3c ./USB_DEVICE/Target/usbd_conf.o
                0x000000000800a59a                HAL_PCD_ResetCallback
 *fill*         0x000000000800a5d6        0x2 
 .text.HAL_PCD_SuspendCallback
                0x000000000800a5d8       0x34 ./USB_DEVICE/Target/usbd_conf.o
                0x000000000800a5d8                HAL_PCD_SuspendCallback
 .text.HAL_PCD_ResumeCallback
                0x000000000800a60c       0x1c ./USB_DEVICE/Target/usbd_conf.o
                0x000000000800a60c                HAL_PCD_ResumeCallback
 .text.USBD_LL_Init
                0x000000000800a628       0x90 ./USB_DEVICE/Target/usbd_conf.o
                0x000000000800a628                USBD_LL_Init
 .text.USBD_LL_Start
                0x000000000800a6b8       0x36 ./USB_DEVICE/Target/usbd_conf.o
                0x000000000800a6b8                USBD_LL_Start
 .text.USBD_LL_OpenEP
                0x000000000800a6ee       0x4c ./USB_DEVICE/Target/usbd_conf.o
                0x000000000800a6ee                USBD_LL_OpenEP
 .text.USBD_LL_CloseEP
                0x000000000800a73a       0x3e ./USB_DEVICE/Target/usbd_conf.o
                0x000000000800a73a                USBD_LL_CloseEP
 .text.USBD_LL_StallEP
                0x000000000800a778       0x3e ./USB_DEVICE/Target/usbd_conf.o
                0x000000000800a778                USBD_LL_StallEP
 .text.USBD_LL_ClearStallEP
                0x000000000800a7b6       0x3e ./USB_DEVICE/Target/usbd_conf.o
                0x000000000800a7b6                USBD_LL_ClearStallEP
 .text.USBD_LL_IsStallEP
                0x000000000800a7f4       0x58 ./USB_DEVICE/Target/usbd_conf.o
                0x000000000800a7f4                USBD_LL_IsStallEP
 .text.USBD_LL_SetUSBAddress
                0x000000000800a84c       0x3e ./USB_DEVICE/Target/usbd_conf.o
                0x000000000800a84c                USBD_LL_SetUSBAddress
 .text.USBD_LL_Transmit
                0x000000000800a88a       0x46 ./USB_DEVICE/Target/usbd_conf.o
                0x000000000800a88a                USBD_LL_Transmit
 .text.USBD_LL_PrepareReceive
                0x000000000800a8d0       0x46 ./USB_DEVICE/Target/usbd_conf.o
                0x000000000800a8d0                USBD_LL_PrepareReceive
 *fill*         0x000000000800a916        0x2 
 .text.USBD_static_malloc
                0x000000000800a918       0x18 ./USB_DEVICE/Target/usbd_conf.o
                0x000000000800a918                USBD_static_malloc
 .text.USBD_static_free
                0x000000000800a930       0x12 ./USB_DEVICE/Target/usbd_conf.o
                0x000000000800a930                USBD_static_free
 *fill*         0x000000000800a942        0x2 
 .text.USBD_Get_USB_Status
                0x000000000800a944       0x58 ./USB_DEVICE/Target/usbd_conf.o
 .text.__libc_init_array
                0x000000000800a99c       0x48 c:/st/stm32cubeide_1.10.1/stm32cubeide/plugins/com.st.stm32cube.ide.mcu.externaltools.gnu-tools-for-stm32.10.3-2021.10.win32_1.0.0.202111181127/tools/bin/../lib/gcc/arm-none-eabi/10.3.1/../../../../arm-none-eabi/lib/thumb/v7-m/nofp\libc_nano.a(lib_a-init.o)
                0x000000000800a99c                __libc_init_array
 .text.memset   0x000000000800a9e4       0x10 c:/st/stm32cubeide_1.10.1/stm32cubeide/plugins/com.st.stm32cube.ide.mcu.externaltools.gnu-tools-for-stm32.10.3-2021.10.win32_1.0.0.202111181127/tools/bin/../lib/gcc/arm-none-eabi/10.3.1/../../../../arm-none-eabi/lib/thumb/v7-m/nofp\libc_nano.a(lib_a-memset.o)
                0x000000000800a9e4                memset
 *(.glue_7)
 .glue_7        0x000000000800a9f4        0x0 linker stubs
 *(.glue_7t)
 .glue_7t       0x000000000800a9f4        0x0 linker stubs
 *(.eh_frame)
 .eh_frame      0x000000000800a9f4        0x0 c:/st/stm32cubeide_1.10.1/stm32cubeide/plugins/com.st.stm32cube.ide.mcu.externaltools.gnu-tools-for-stm32.10.3-2021.10.win32_1.0.0.202111181127/tools/bin/../lib/gcc/arm-none-eabi/10.3.1/thumb/v7-m/nofp/crtbegin.o
 *(.init)
 .init          0x000000000800a9f4        0x4 c:/st/stm32cubeide_1.10.1/stm32cubeide/plugins/com.st.stm32cube.ide.mcu.externaltools.gnu-tools-for-stm32.10.3-2021.10.win32_1.0.0.202111181127/tools/bin/../lib/gcc/arm-none-eabi/10.3.1/thumb/v7-m/nofp/crti.o
                0x000000000800a9f4                _init
 .init          0x000000000800a9f8        0x8 c:/st/stm32cubeide_1.10.1/stm32cubeide/plugins/com.st.stm32cube.ide.mcu.externaltools.gnu-tools-for-stm32.10.3-2021.10.win32_1.0.0.202111181127/tools/bin/../lib/gcc/arm-none-eabi/10.3.1/thumb/v7-m/nofp/crtn.o
 *(.fini)
 .fini          0x000000000800aa00        0x4 c:/st/stm32cubeide_1.10.1/stm32cubeide/plugins/com.st.stm32cube.ide.mcu.externaltools.gnu-tools-for-stm32.10.3-2021.10.win32_1.0.0.202111181127/tools/bin/../lib/gcc/arm-none-eabi/10.3.1/thumb/v7-m/nofp/crti.o
                0x000000000800aa00                _fini
 .fini          0x000000000800aa04        0x8 c:/st/stm32cubeide_1.10.1/stm32cubeide/plugins/com.st.stm32cube.ide.mcu.externaltools.gnu-tools-for-stm32.10.3-2021.10.win32_1.0.0.202111181127/tools/bin/../lib/gcc/arm-none-eabi/10.3.1/thumb/v7-m/nofp/crtn.o
                0x000000000800aa0c                . = ALIGN (0x4)
                0x000000000800aa0c                _etext = .

.vfp11_veneer   0x000000000800aa0c        0x0
 .vfp11_veneer  0x000000000800aa0c        0x0 linker stubs

.v4_bx          0x000000000800aa0c        0x0
 .v4_bx         0x000000000800aa0c        0x0 linker stubs

.iplt           0x000000000800aa0c        0x0
 .iplt          0x000000000800aa0c        0x0 c:/st/stm32cubeide_1.10.1/stm32cubeide/plugins/com.st.stm32cube.ide.mcu.externaltools.gnu-tools-for-stm32.10.3-2021.10.win32_1.0.0.202111181127/tools/bin/../lib/gcc/arm-none-eabi/10.3.1/thumb/v7-m/nofp/crtbegin.o

.rodata         0x000000000800aa0c       0x70
                0x000000000800aa0c                . = ALIGN (0x4)
 *(.rodata)
 .rodata        0x000000000800aa0c       0x4a ./USB_DEVICE/App/usbd_desc.o
 *(.rodata*)
 *fill*         0x000000000800aa56        0x2 
 .rodata.PLLMulTable
                0x000000000800aa58        0x9 ./Core/Src/system_stm32l1xx.o
                0x000000000800aa58                PLLMulTable
 *fill*         0x000000000800aa61        0x3 
 .rodata.AHBPrescTable
                0x000000000800aa64       0x10 ./Core/Src/system_stm32l1xx.o
                0x000000000800aa64                AHBPrescTable
 .rodata.APBPrescTable
                0x000000000800aa74        0x8 ./Core/Src/system_stm32l1xx.o
                0x000000000800aa74                APBPrescTable
                0x000000000800aa7c                . = ALIGN (0x4)

.ARM.extab      0x000000000800aa7c        0x0
                0x000000000800aa7c                . = ALIGN (0x4)
 *(.ARM.extab* .gnu.linkonce.armextab.*)
                0x000000000800aa7c                . = ALIGN (0x4)

.ARM            0x000000000800aa7c        0x8
                0x000000000800aa7c                . = ALIGN (0x4)
                0x000000000800aa7c                __exidx_start = .
 *(.ARM.exidx*)
 .ARM.exidx     0x000000000800aa7c        0x8 c:/st/stm32cubeide_1.10.1/stm32cubeide/plugins/com.st.stm32cube.ide.mcu.externaltools.gnu-tools-for-stm32.10.3-2021.10.win32_1.0.0.202111181127/tools/bin/../lib/gcc/arm-none-eabi/10.3.1/thumb/v7-m/nofp\libgcc.a(_udivmoddi4.o)
                0x000000000800aa84                __exidx_end = .
                0x000000000800aa84                . = ALIGN (0x4)

.rel.dyn        0x000000000800aa84        0x0
 .rel.iplt      0x000000000800aa84        0x0 c:/st/stm32cubeide_1.10.1/stm32cubeide/plugins/com.st.stm32cube.ide.mcu.externaltools.gnu-tools-for-stm32.10.3-2021.10.win32_1.0.0.202111181127/tools/bin/../lib/gcc/arm-none-eabi/10.3.1/thumb/v7-m/nofp/crtbegin.o

.preinit_array  0x000000000800aa84        0x0
                0x000000000800aa84                . = ALIGN (0x4)
                0x000000000800aa84                PROVIDE (__preinit_array_start = .)
 *(.preinit_array*)
                0x000000000800aa84                PROVIDE (__preinit_array_end = .)
                0x000000000800aa84                . = ALIGN (0x4)

.init_array     0x000000000800aa84        0x4
                0x000000000800aa84                . = ALIGN (0x4)
                0x000000000800aa84                PROVIDE (__init_array_start = .)
 *(SORT_BY_NAME(.init_array.*))
 *(.init_array*)
 .init_array    0x000000000800aa84        0x4 c:/st/stm32cubeide_1.10.1/stm32cubeide/plugins/com.st.stm32cube.ide.mcu.externaltools.gnu-tools-for-stm32.10.3-2021.10.win32_1.0.0.202111181127/tools/bin/../lib/gcc/arm-none-eabi/10.3.1/thumb/v7-m/nofp/crtbegin.o
                0x000000000800aa88                PROVIDE (__init_array_end = .)
                0x000000000800aa88                . = ALIGN (0x4)

.fini_array     0x000000000800aa88        0x4
                0x000000000800aa88                . = ALIGN (0x4)
                [!provide]                        PROVIDE (__fini_array_start = .)
 *(SORT_BY_NAME(.fini_array.*))
 *(.fini_array*)
 .fini_array    0x000000000800aa88        0x4 c:/st/stm32cubeide_1.10.1/stm32cubeide/plugins/com.st.stm32cube.ide.mcu.externaltools.gnu-tools-for-stm32.10.3-2021.10.win32_1.0.0.202111181127/tools/bin/../lib/gcc/arm-none-eabi/10.3.1/thumb/v7-m/nofp/crtbegin.o
                [!provide]                        PROVIDE (__fini_array_end = .)
                0x000000000800aa8c                . = ALIGN (0x4)
                0x000000000800aa8c                _sidata = LOADADDR (.data)

.data           0x0000000020000000      0x3e0 load address 0x000000000800aa8c
                0x0000000020000000                . = ALIGN (0x4)
                0x0000000020000000                _sdata = .
 *(.data)
 *(.data*)
 .data.KeyMacro
                0x0000000020000000      0x170 ./Core/Src/keys.o
                0x0000000020000000                KeyMacro
 .data.KnobMacro
                0x0000000020000170       0xa8 ./Core/Src/knob.o
                0x0000000020000170                KnobMacro
 .data.NextionMacro
                0x0000000020000218       0x70 ./Core/Src/nextion.o
                0x0000000020000218                NextionMacro
 .data.SystemCoreClock
                0x0000000020000288        0x4 ./Core/Src/system_stm32l1xx.o
                0x0000000020000288                SystemCoreClock
 .data.uwTickPrio
                0x000000002000028c        0x4 ./Drivers/STM32L1xx_HAL_Driver/Src/stm32l1xx_hal.o
                0x000000002000028c                uwTickPrio
 .data.uwTickFreq
                0x0000000020000290        0x4 ./Drivers/STM32L1xx_HAL_Driver/Src/stm32l1xx_hal.o
                0x0000000020000290                uwTickFreq
 .data.USBD_HID
                0x0000000020000294       0x38 ./Middlewares/ST/STM32_USB_Device_Library/Class/HID/Src/usbd_hid.o
                0x0000000020000294                USBD_HID
 .data.USBD_HID_CfgFSDesc
                0x00000000200002cc       0x22 ./Middlewares/ST/STM32_USB_Device_Library/Class/HID/Src/usbd_hid.o
 *fill*         0x00000000200002ee        0x2 
 .data.USBD_HID_CfgHSDesc
                0x00000000200002f0       0x22 ./Middlewares/ST/STM32_USB_Device_Library/Class/HID/Src/usbd_hid.o
 *fill*         0x0000000020000312        0x2 
 .data.USBD_HID_OtherSpeedCfgDesc
                0x0000000020000314       0x22 ./Middlewares/ST/STM32_USB_Device_Library/Class/HID/Src/usbd_hid.o
 *fill*         0x0000000020000336        0x2 
 .data.USBD_HID_Desc
                0x0000000020000338        0x9 ./Middlewares/ST/STM32_USB_Device_Library/Class/HID/Src/usbd_hid.o
 *fill*         0x0000000020000341        0x3 
 .data.USBD_HID_DeviceQualifierDesc
                0x0000000020000344        0xa ./Middlewares/ST/STM32_USB_Device_Library/Class/HID/Src/usbd_hid.o
 *fill*         0x000000002000034e        0x2 
 .data.HID_MOUSE_ReportDesc
                0x0000000020000350       0x3f ./Middlewares/ST/STM32_USB_Device_Library/Class/HID/Src/usbd_hid.o
 *fill*         0x000000002000038f        0x1 
 .data.FS_Desc  0x0000000020000390       0x1c ./USB_DEVICE/App/usbd_desc.o
                0x0000000020000390                FS_Desc
 .data.USBD_FS_DeviceDesc
                0x00000000200003ac       0x12 ./USB_DEVICE/App/usbd_desc.o
                0x00000000200003ac                USBD_FS_DeviceDesc
 *fill*         0x00000000200003be        0x2 
 .data.USBD_LangIDDesc
                0x00000000200003c0        0x4 ./USB_DEVICE/App/usbd_desc.o
                0x00000000200003c0                USBD_LangIDDesc
 .data.USBD_StringSerial
                0x00000000200003c4       0x1a ./USB_DEVICE/App/usbd_desc.o
                0x00000000200003c4                USBD_StringSerial
 *(.RamFunc)
 *(.RamFunc*)
                0x00000000200003e0                . = ALIGN (0x4)
 *fill*         0x00000000200003de        0x2 
                0x00000000200003e0                _edata = .

.igot.plt       0x00000000200003e0        0x0 load address 0x000000000800ae6c
 .igot.plt      0x00000000200003e0        0x0 c:/st/stm32cubeide_1.10.1/stm32cubeide/plugins/com.st.stm32cube.ide.mcu.externaltools.gnu-tools-for-stm32.10.3-2021.10.win32_1.0.0.202111181127/tools/bin/../lib/gcc/arm-none-eabi/10.3.1/thumb/v7-m/nofp/crtbegin.o
                0x00000000200003e0                . = ALIGN (0x4)

.bss            0x00000000200003e0      0x9f4 load address 0x000000000800ae6c
                0x00000000200003e0                _sbss = .
                0x00000000200003e0                __bss_start__ = _sbss
 *(.bss)
 .bss           0x00000000200003e0       0x1c c:/st/stm32cubeide_1.10.1/stm32cubeide/plugins/com.st.stm32cube.ide.mcu.externaltools.gnu-tools-for-stm32.10.3-2021.10.win32_1.0.0.202111181127/tools/bin/../lib/gcc/arm-none-eabi/10.3.1/thumb/v7-m/nofp/crtbegin.o
 *(.bss*)
 .bss.hi2c1     0x00000000200003fc       0x54 ./Core/Src/i2c.o
                0x00000000200003fc                hi2c1
 .bss.hi2c2     0x0000000020000450       0x54 ./Core/Src/i2c.o
                0x0000000020000450                hi2c2
 .bss.knob_flag.1
                0x00000000200004a4        0x1 ./Core/Src/knob.o
 .bss.KnobLED_counter.0
                0x00000000200004a5        0x1 ./Core/Src/knob.o
 *fill*         0x00000000200004a6        0x2 
 .bss.Status    0x00000000200004a8       0x28 ./Core/Src/main.o
                0x00000000200004a8                Status
 .bss.HID_Status
                0x00000000200004d0       0x19 ./Core/Src/main.o
                0x00000000200004d0                HID_Status
 .bss.i         0x00000000200004e9        0x1 ./Core/Src/main.o
                0x00000000200004e9                i
 *fill*         0x00000000200004ea        0x2 
 .bss.htim2     0x00000000200004ec       0x40 ./Core/Src/tim.o
                0x00000000200004ec                htim2
 .bss.htim6     0x000000002000052c       0x40 ./Core/Src/tim.o
                0x000000002000052c                htim6
 .bss.htim7     0x000000002000056c       0x40 ./Core/Src/tim.o
                0x000000002000056c                htim7
 .bss.htim10    0x00000000200005ac       0x40 ./Core/Src/tim.o
                0x00000000200005ac                htim10
 .bss.huart1    0x00000000200005ec       0x44 ./Core/Src/usart.o
                0x00000000200005ec                huart1
 .bss.uwTick    0x0000000020000630        0x4 ./Drivers/STM32L1xx_HAL_Driver/Src/stm32l1xx_hal.o
                0x0000000020000630                uwTick
 .bss.cfgidx.0  0x0000000020000634        0x1 ./Middlewares/ST/STM32_USB_Device_Library/Core/Src/usbd_ctlreq.o
 *fill*         0x0000000020000635        0x3 
 .bss.hUsbDeviceFS
                0x0000000020000638      0x29c ./USB_DEVICE/App/usb_device.o
                0x0000000020000638                hUsbDeviceFS
 .bss.USBD_StrDesc
                0x00000000200008d4      0x200 ./USB_DEVICE/App/usbd_desc.o
                0x00000000200008d4                USBD_StrDesc
 .bss.hpcd_USB_FS
                0x0000000020000ad4      0x2ec ./USB_DEVICE/Target/usbd_conf.o
                0x0000000020000ad4                hpcd_USB_FS
 .bss.mem.0     0x0000000020000dc0       0x14 ./USB_DEVICE/Target/usbd_conf.o
 *(COMMON)
                0x0000000020000dd4                . = ALIGN (0x4)
                0x0000000020000dd4                _ebss = .
                0x0000000020000dd4                __bss_end__ = _ebss

._user_heap_stack
                0x0000000020000dd4      0x604 load address 0x000000000800ae6c
                0x0000000020000dd8                . = ALIGN (0x8)
 *fill*         0x0000000020000dd4        0x4 
                [!provide]                        PROVIDE (end = .)
                0x0000000020000dd8                PROVIDE (_end = .)
                0x0000000020000fd8                . = (. + _Min_Heap_Size)
 *fill*         0x0000000020000dd8      0x200 
                0x00000000200013d8                . = (. + _Min_Stack_Size)
 *fill*         0x0000000020000fd8      0x400 
                0x00000000200013d8                . = ALIGN (0x8)

/DISCARD/
 libc.a(*)
 libm.a(*)
 libgcc.a(*)

.ARM.attributes
                0x0000000000000000       0x29
 *(.ARM.attributes)
 .ARM.attributes
                0x0000000000000000       0x1d c:/st/stm32cubeide_1.10.1/stm32cubeide/plugins/com.st.stm32cube.ide.mcu.externaltools.gnu-tools-for-stm32.10.3-2021.10.win32_1.0.0.202111181127/tools/bin/../lib/gcc/arm-none-eabi/10.3.1/thumb/v7-m/nofp/crti.o
 .ARM.attributes
                0x000000000000001d       0x2d c:/st/stm32cubeide_1.10.1/stm32cubeide/plugins/com.st.stm32cube.ide.mcu.externaltools.gnu-tools-for-stm32.10.3-2021.10.win32_1.0.0.202111181127/tools/bin/../lib/gcc/arm-none-eabi/10.3.1/thumb/v7-m/nofp/crtbegin.o
 .ARM.attributes
                0x000000000000004a       0x2d ./Core/Src/gpio.o
 .ARM.attributes
                0x0000000000000077       0x2d ./Core/Src/i2c.o
 .ARM.attributes
                0x00000000000000a4       0x2d ./Core/Src/keys.o
 .ARM.attributes
                0x00000000000000d1       0x2d ./Core/Src/knob.o
 .ARM.attributes
                0x00000000000000fe       0x2d ./Core/Src/main.o
 .ARM.attributes
                0x000000000000012b       0x2d ./Core/Src/nextion.o
 .ARM.attributes
                0x0000000000000158       0x2d ./Core/Src/stm32l1xx_hal_msp.o
 .ARM.attributes
                0x0000000000000185       0x2d ./Core/Src/stm32l1xx_it.o
 .ARM.attributes
                0x00000000000001b2       0x2d ./Core/Src/system_stm32l1xx.o
 .ARM.attributes
                0x00000000000001df       0x2d ./Core/Src/tim.o
 .ARM.attributes
                0x000000000000020c       0x2d ./Core/Src/usart.o
 .ARM.attributes
                0x0000000000000239       0x21 ./Core/Startup/startup_stm32l151cbtxa.o
 .ARM.attributes
                0x000000000000025a       0x2d ./Drivers/STM32L1xx_HAL_Driver/Src/stm32l1xx_hal.o
 .ARM.attributes
                0x0000000000000287       0x2d ./Drivers/STM32L1xx_HAL_Driver/Src/stm32l1xx_hal_cortex.o
 .ARM.attributes
                0x00000000000002b4       0x2d ./Drivers/STM32L1xx_HAL_Driver/Src/stm32l1xx_hal_dma.o
 .ARM.attributes
                0x00000000000002e1       0x2d ./Drivers/STM32L1xx_HAL_Driver/Src/stm32l1xx_hal_gpio.o
 .ARM.attributes
                0x000000000000030e       0x2d ./Drivers/STM32L1xx_HAL_Driver/Src/stm32l1xx_hal_i2c.o
 .ARM.attributes
                0x000000000000033b       0x2d ./Drivers/STM32L1xx_HAL_Driver/Src/stm32l1xx_hal_pcd.o
 .ARM.attributes
                0x0000000000000368       0x2d ./Drivers/STM32L1xx_HAL_Driver/Src/stm32l1xx_hal_pcd_ex.o
 .ARM.attributes
                0x0000000000000395       0x2d ./Drivers/STM32L1xx_HAL_Driver/Src/stm32l1xx_hal_rcc.o
 .ARM.attributes
                0x00000000000003c2       0x2d ./Drivers/STM32L1xx_HAL_Driver/Src/stm32l1xx_hal_tim.o
 .ARM.attributes
                0x00000000000003ef       0x2d ./Drivers/STM32L1xx_HAL_Driver/Src/stm32l1xx_hal_tim_ex.o
 .ARM.attributes
                0x000000000000041c       0x2d ./Drivers/STM32L1xx_HAL_Driver/Src/stm32l1xx_hal_uart.o
 .ARM.attributes
                0x0000000000000449       0x2d ./Drivers/STM32L1xx_HAL_Driver/Src/stm32l1xx_ll_usb.o
 .ARM.attributes
                0x0000000000000476       0x2d ./Middlewares/ST/STM32_USB_Device_Library/Class/HID/Src/usbd_hid.o
 .ARM.attributes
                0x00000000000004a3       0x2d ./Middlewares/ST/STM32_USB_Device_Library/Core/Src/usbd_core.o
 .ARM.attributes
                0x00000000000004d0       0x2d ./Middlewares/ST/STM32_USB_Device_Library/Core/Src/usbd_ctlreq.o
 .ARM.attributes
                0x00000000000004fd       0x2d ./Middlewares/ST/STM32_USB_Device_Library/Core/Src/usbd_ioreq.o
 .ARM.attributes
                0x000000000000052a       0x2d ./USB_DEVICE/App/usb_device.o
 .ARM.attributes
                0x0000000000000557       0x2d ./USB_DEVICE/App/usbd_desc.o
 .ARM.attributes
                0x0000000000000584       0x2d ./USB_DEVICE/Target/usbd_conf.o
 .ARM.attributes
                0x00000000000005b1       0x2d c:/st/stm32cubeide_1.10.1/stm32cubeide/plugins/com.st.stm32cube.ide.mcu.externaltools.gnu-tools-for-stm32.10.3-2021.10.win32_1.0.0.202111181127/tools/bin/../lib/gcc/arm-none-eabi/10.3.1/../../../../arm-none-eabi/lib/thumb/v7-m/nofp\libc_nano.a(lib_a-init.o)
 .ARM.attributes
                0x00000000000005de       0x2d c:/st/stm32cubeide_1.10.1/stm32cubeide/plugins/com.st.stm32cube.ide.mcu.externaltools.gnu-tools-for-stm32.10.3-2021.10.win32_1.0.0.202111181127/tools/bin/../lib/gcc/arm-none-eabi/10.3.1/../../../../arm-none-eabi/lib/thumb/v7-m/nofp\libc_nano.a(lib_a-memset.o)
 .ARM.attributes
                0x000000000000060b       0x1d c:/st/stm32cubeide_1.10.1/stm32cubeide/plugins/com.st.stm32cube.ide.mcu.externaltools.gnu-tools-for-stm32.10.3-2021.10.win32_1.0.0.202111181127/tools/bin/../lib/gcc/arm-none-eabi/10.3.1/thumb/v7-m/nofp\libgcc.a(_aeabi_uldivmod.o)
 .ARM.attributes
                0x0000000000000628       0x2d c:/st/stm32cubeide_1.10.1/stm32cubeide/plugins/com.st.stm32cube.ide.mcu.externaltools.gnu-tools-for-stm32.10.3-2021.10.win32_1.0.0.202111181127/tools/bin/../lib/gcc/arm-none-eabi/10.3.1/thumb/v7-m/nofp\libgcc.a(_udivmoddi4.o)
 .ARM.attributes
                0x0000000000000655       0x1d c:/st/stm32cubeide_1.10.1/stm32cubeide/plugins/com.st.stm32cube.ide.mcu.externaltools.gnu-tools-for-stm32.10.3-2021.10.win32_1.0.0.202111181127/tools/bin/../lib/gcc/arm-none-eabi/10.3.1/thumb/v7-m/nofp\libgcc.a(_dvmd_tls.o)
 .ARM.attributes
                0x0000000000000672       0x1d c:/st/stm32cubeide_1.10.1/stm32cubeide/plugins/com.st.stm32cube.ide.mcu.externaltools.gnu-tools-for-stm32.10.3-2021.10.win32_1.0.0.202111181127/tools/bin/../lib/gcc/arm-none-eabi/10.3.1/thumb/v7-m/nofp/crtn.o
OUTPUT(ss4h_video_editing_keyboard.elf elf32-littlearm)
LOAD linker stubs
LOAD c:/st/stm32cubeide_1.10.1/stm32cubeide/plugins/com.st.stm32cube.ide.mcu.externaltools.gnu-tools-for-stm32.10.3-2021.10.win32_1.0.0.202111181127/tools/bin/../lib/gcc/arm-none-eabi/10.3.1/../../../../arm-none-eabi/lib/thumb/v7-m/nofp\libc.a
LOAD c:/st/stm32cubeide_1.10.1/stm32cubeide/plugins/com.st.stm32cube.ide.mcu.externaltools.gnu-tools-for-stm32.10.3-2021.10.win32_1.0.0.202111181127/tools/bin/../lib/gcc/arm-none-eabi/10.3.1/../../../../arm-none-eabi/lib/thumb/v7-m/nofp\libm.a
LOAD c:/st/stm32cubeide_1.10.1/stm32cubeide/plugins/com.st.stm32cube.ide.mcu.externaltools.gnu-tools-for-stm32.10.3-2021.10.win32_1.0.0.202111181127/tools/bin/../lib/gcc/arm-none-eabi/10.3.1/thumb/v7-m/nofp\libgcc.a

.debug_info     0x0000000000000000    0x1961a
 .debug_info    0x0000000000000000      0x50c ./Core/Src/gpio.o
 .debug_info    0x000000000000050c      0x935 ./Core/Src/i2c.o
 .debug_info    0x0000000000000e41     0x104b ./Core/Src/keys.o
 .debug_info    0x0000000000001e8c      0xf51 ./Core/Src/knob.o
 .debug_info    0x0000000000002ddd     0x190d ./Core/Src/main.o
 .debug_info    0x00000000000046ea      0xd7d ./Core/Src/nextion.o
 .debug_info    0x0000000000005467      0x1d5 ./Core/Src/stm32l1xx_hal_msp.o
 .debug_info    0x000000000000563c     0x126f ./Core/Src/stm32l1xx_it.o
 .debug_info    0x00000000000068ab      0x2a7 ./Core/Src/system_stm32l1xx.o
 .debug_info    0x0000000000006b52      0xde7 ./Core/Src/tim.o
 .debug_info    0x0000000000007939      0x9f2 ./Core/Src/usart.o
 .debug_info    0x000000000000832b       0x22 ./Core/Startup/startup_stm32l151cbtxa.o
 .debug_info    0x000000000000834d      0x6e4 ./Drivers/STM32L1xx_HAL_Driver/Src/stm32l1xx_hal.o
 .debug_info    0x0000000000008a31      0xd43 ./Drivers/STM32L1xx_HAL_Driver/Src/stm32l1xx_hal_cortex.o
 .debug_info    0x0000000000009774      0x72c ./Drivers/STM32L1xx_HAL_Driver/Src/stm32l1xx_hal_dma.o
 .debug_info    0x0000000000009ea0      0x627 ./Drivers/STM32L1xx_HAL_Driver/Src/stm32l1xx_hal_gpio.o
 .debug_info    0x000000000000a4c7     0x25a2 ./Drivers/STM32L1xx_HAL_Driver/Src/stm32l1xx_hal_i2c.o
 .debug_info    0x000000000000ca69     0x15b3 ./Drivers/STM32L1xx_HAL_Driver/Src/stm32l1xx_hal_pcd.o
 .debug_info    0x000000000000e01c      0x719 ./Drivers/STM32L1xx_HAL_Driver/Src/stm32l1xx_hal_pcd_ex.o
 .debug_info    0x000000000000e735      0x991 ./Drivers/STM32L1xx_HAL_Driver/Src/stm32l1xx_hal_rcc.o
 .debug_info    0x000000000000f0c6     0x2851 ./Drivers/STM32L1xx_HAL_Driver/Src/stm32l1xx_hal_tim.o
 .debug_info    0x0000000000011917      0x6e3 ./Drivers/STM32L1xx_HAL_Driver/Src/stm32l1xx_hal_tim_ex.o
 .debug_info    0x0000000000011ffa     0x15d4 ./Drivers/STM32L1xx_HAL_Driver/Src/stm32l1xx_hal_uart.o
 .debug_info    0x00000000000135ce     0x172e ./Drivers/STM32L1xx_HAL_Driver/Src/stm32l1xx_ll_usb.o
 .debug_info    0x0000000000014cfc      0x995 ./Middlewares/ST/STM32_USB_Device_Library/Class/HID/Src/usbd_hid.o
 .debug_info    0x0000000000015691      0xb02 ./Middlewares/ST/STM32_USB_Device_Library/Core/Src/usbd_core.o
 .debug_info    0x0000000000016193      0x9a6 ./Middlewares/ST/STM32_USB_Device_Library/Core/Src/usbd_ctlreq.o
 .debug_info    0x0000000000016b39      0x715 ./Middlewares/ST/STM32_USB_Device_Library/Core/Src/usbd_ioreq.o
 .debug_info    0x000000000001724e      0x59c ./USB_DEVICE/App/usb_device.o
 .debug_info    0x00000000000177ea      0x484 ./USB_DEVICE/App/usbd_desc.o
 .debug_info    0x0000000000017c6e     0x19ac ./USB_DEVICE/Target/usbd_conf.o

.debug_abbrev   0x0000000000000000     0x3da0
 .debug_abbrev  0x0000000000000000      0x14f ./Core/Src/gpio.o
 .debug_abbrev  0x000000000000014f      0x1e0 ./Core/Src/i2c.o
 .debug_abbrev  0x000000000000032f      0x233 ./Core/Src/keys.o
 .debug_abbrev  0x0000000000000562      0x1dc ./Core/Src/knob.o
 .debug_abbrev  0x000000000000073e      0x2fe ./Core/Src/main.o
 .debug_abbrev  0x0000000000000a3c      0x184 ./Core/Src/nextion.o
 .debug_abbrev  0x0000000000000bc0       0xc2 ./Core/Src/stm32l1xx_hal_msp.o
 .debug_abbrev  0x0000000000000c82      0x1d8 ./Core/Src/stm32l1xx_it.o
 .debug_abbrev  0x0000000000000e5a      0x116 ./Core/Src/system_stm32l1xx.o
 .debug_abbrev  0x0000000000000f70      0x240 ./Core/Src/tim.o
 .debug_abbrev  0x00000000000011b0      0x1e9 ./Core/Src/usart.o
 .debug_abbrev  0x0000000000001399       0x12 ./Core/Startup/startup_stm32l151cbtxa.o
 .debug_abbrev  0x00000000000013ab      0x26c ./Drivers/STM32L1xx_HAL_Driver/Src/stm32l1xx_hal.o
 .debug_abbrev  0x0000000000001617      0x316 ./Drivers/STM32L1xx_HAL_Driver/Src/stm32l1xx_hal_cortex.o
 .debug_abbrev  0x000000000000192d      0x1d5 ./Drivers/STM32L1xx_HAL_Driver/Src/stm32l1xx_hal_dma.o
 .debug_abbrev  0x0000000000001b02      0x1c4 ./Drivers/STM32L1xx_HAL_Driver/Src/stm32l1xx_hal_gpio.o
 .debug_abbrev  0x0000000000001cc6      0x293 ./Drivers/STM32L1xx_HAL_Driver/Src/stm32l1xx_hal_i2c.o
 .debug_abbrev  0x0000000000001f59      0x2c0 ./Drivers/STM32L1xx_HAL_Driver/Src/stm32l1xx_hal_pcd.o
 .debug_abbrev  0x0000000000002219      0x17f ./Drivers/STM32L1xx_HAL_Driver/Src/stm32l1xx_hal_pcd_ex.o
 .debug_abbrev  0x0000000000002398      0x2b0 ./Drivers/STM32L1xx_HAL_Driver/Src/stm32l1xx_hal_rcc.o
 .debug_abbrev  0x0000000000002648      0x259 ./Drivers/STM32L1xx_HAL_Driver/Src/stm32l1xx_hal_tim.o
 .debug_abbrev  0x00000000000028a1      0x166 ./Drivers/STM32L1xx_HAL_Driver/Src/stm32l1xx_hal_tim_ex.o
 .debug_abbrev  0x0000000000002a07      0x289 ./Drivers/STM32L1xx_HAL_Driver/Src/stm32l1xx_hal_uart.o
 .debug_abbrev  0x0000000000002c90      0x22f ./Drivers/STM32L1xx_HAL_Driver/Src/stm32l1xx_ll_usb.o
 .debug_abbrev  0x0000000000002ebf      0x258 ./Middlewares/ST/STM32_USB_Device_Library/Class/HID/Src/usbd_hid.o
 .debug_abbrev  0x0000000000003117      0x236 ./Middlewares/ST/STM32_USB_Device_Library/Core/Src/usbd_core.o
 .debug_abbrev  0x000000000000334d      0x257 ./Middlewares/ST/STM32_USB_Device_Library/Core/Src/usbd_ctlreq.o
 .debug_abbrev  0x00000000000035a4      0x183 ./Middlewares/ST/STM32_USB_Device_Library/Core/Src/usbd_ioreq.o
 .debug_abbrev  0x0000000000003727      0x17a ./USB_DEVICE/App/usb_device.o
 .debug_abbrev  0x00000000000038a1      0x1fa ./USB_DEVICE/App/usbd_desc.o
 .debug_abbrev  0x0000000000003a9b      0x305 ./USB_DEVICE/Target/usbd_conf.o

.debug_aranges  0x0000000000000000     0x1498
 .debug_aranges
                0x0000000000000000       0x20 ./Core/Src/gpio.o
 .debug_aranges
                0x0000000000000020       0x38 ./Core/Src/i2c.o
 .debug_aranges
                0x0000000000000058       0x48 ./Core/Src/keys.o
 .debug_aranges
                0x00000000000000a0       0x30 ./Core/Src/knob.o
 .debug_aranges
                0x00000000000000d0       0x48 ./Core/Src/main.o
 .debug_aranges
                0x0000000000000118       0x20 ./Core/Src/nextion.o
 .debug_aranges
                0x0000000000000138       0x20 ./Core/Src/stm32l1xx_hal_msp.o
 .debug_aranges
                0x0000000000000158       0xc0 ./Core/Src/stm32l1xx_it.o
 .debug_aranges
                0x0000000000000218       0x28 ./Core/Src/system_stm32l1xx.o
 .debug_aranges
                0x0000000000000240       0x58 ./Core/Src/tim.o
 .debug_aranges
                0x0000000000000298       0x30 ./Core/Src/usart.o
 .debug_aranges
                0x00000000000002c8       0x28 ./Core/Startup/startup_stm32l151cbtxa.o
 .debug_aranges
                0x00000000000002f0       0xe0 ./Drivers/STM32L1xx_HAL_Driver/Src/stm32l1xx_hal.o
 .debug_aranges
                0x00000000000003d0      0x118 ./Drivers/STM32L1xx_HAL_Driver/Src/stm32l1xx_hal_cortex.o
 .debug_aranges
                0x00000000000004e8       0x80 ./Drivers/STM32L1xx_HAL_Driver/Src/stm32l1xx_hal_dma.o
 .debug_aranges
                0x0000000000000568       0x58 ./Drivers/STM32L1xx_HAL_Driver/Src/stm32l1xx_hal_gpio.o
 .debug_aranges
                0x00000000000005c0      0x2a0 ./Drivers/STM32L1xx_HAL_Driver/Src/stm32l1xx_hal_i2c.o
 .debug_aranges
                0x0000000000000860      0x138 ./Drivers/STM32L1xx_HAL_Driver/Src/stm32l1xx_hal_pcd.o
 .debug_aranges
                0x0000000000000998       0x38 ./Drivers/STM32L1xx_HAL_Driver/Src/stm32l1xx_hal_pcd_ex.o
 .debug_aranges
                0x00000000000009d0       0x90 ./Drivers/STM32L1xx_HAL_Driver/Src/stm32l1xx_hal_rcc.o
 .debug_aranges
                0x0000000000000a60      0x3d0 ./Drivers/STM32L1xx_HAL_Driver/Src/stm32l1xx_hal_tim.o
 .debug_aranges
                0x0000000000000e30       0x28 ./Drivers/STM32L1xx_HAL_Driver/Src/stm32l1xx_hal_tim_ex.o
 .debug_aranges
                0x0000000000000e58      0x200 ./Drivers/STM32L1xx_HAL_Driver/Src/stm32l1xx_hal_uart.o
 .debug_aranges
                0x0000000000001058       0xb0 ./Drivers/STM32L1xx_HAL_Driver/Src/stm32l1xx_ll_usb.o
 .debug_aranges
                0x0000000000001108       0x68 ./Middlewares/ST/STM32_USB_Device_Library/Class/HID/Src/usbd_hid.o
 .debug_aranges
                0x0000000000001170       0xb8 ./Middlewares/ST/STM32_USB_Device_Library/Core/Src/usbd_core.o
 .debug_aranges
                0x0000000000001228       0x88 ./Middlewares/ST/STM32_USB_Device_Library/Core/Src/usbd_ctlreq.o
 .debug_aranges
                0x00000000000012b0       0x50 ./Middlewares/ST/STM32_USB_Device_Library/Core/Src/usbd_ioreq.o
 .debug_aranges
                0x0000000000001300       0x20 ./USB_DEVICE/App/usb_device.o
 .debug_aranges
                0x0000000000001320       0x60 ./USB_DEVICE/App/usbd_desc.o
 .debug_aranges
                0x0000000000001380      0x118 ./USB_DEVICE/Target/usbd_conf.o

.debug_ranges   0x0000000000000000     0x1308
 .debug_ranges  0x0000000000000000       0x10 ./Core/Src/gpio.o
 .debug_ranges  0x0000000000000010       0x28 ./Core/Src/i2c.o
 .debug_ranges  0x0000000000000038       0x38 ./Core/Src/keys.o
 .debug_ranges  0x0000000000000070       0x20 ./Core/Src/knob.o
 .debug_ranges  0x0000000000000090       0x38 ./Core/Src/main.o
 .debug_ranges  0x00000000000000c8       0x10 ./Core/Src/nextion.o
 .debug_ranges  0x00000000000000d8       0x10 ./Core/Src/stm32l1xx_hal_msp.o
 .debug_ranges  0x00000000000000e8       0xb0 ./Core/Src/stm32l1xx_it.o
 .debug_ranges  0x0000000000000198       0x18 ./Core/Src/system_stm32l1xx.o
 .debug_ranges  0x00000000000001b0       0x48 ./Core/Src/tim.o
 .debug_ranges  0x00000000000001f8       0x20 ./Core/Src/usart.o
 .debug_ranges  0x0000000000000218       0x20 ./Core/Startup/startup_stm32l151cbtxa.o
 .debug_ranges  0x0000000000000238       0xd0 ./Drivers/STM32L1xx_HAL_Driver/Src/stm32l1xx_hal.o
 .debug_ranges  0x0000000000000308      0x108 ./Drivers/STM32L1xx_HAL_Driver/Src/stm32l1xx_hal_cortex.o
 .debug_ranges  0x0000000000000410       0x70 ./Drivers/STM32L1xx_HAL_Driver/Src/stm32l1xx_hal_dma.o
 .debug_ranges  0x0000000000000480       0x48 ./Drivers/STM32L1xx_HAL_Driver/Src/stm32l1xx_hal_gpio.o
 .debug_ranges  0x00000000000004c8      0x2b8 ./Drivers/STM32L1xx_HAL_Driver/Src/stm32l1xx_hal_i2c.o
 .debug_ranges  0x0000000000000780      0x128 ./Drivers/STM32L1xx_HAL_Driver/Src/stm32l1xx_hal_pcd.o
 .debug_ranges  0x00000000000008a8       0x28 ./Drivers/STM32L1xx_HAL_Driver/Src/stm32l1xx_hal_pcd_ex.o
 .debug_ranges  0x00000000000008d0       0x80 ./Drivers/STM32L1xx_HAL_Driver/Src/stm32l1xx_hal_rcc.o
 .debug_ranges  0x0000000000000950      0x3c0 ./Drivers/STM32L1xx_HAL_Driver/Src/stm32l1xx_hal_tim.o
 .debug_ranges  0x0000000000000d10       0x18 ./Drivers/STM32L1xx_HAL_Driver/Src/stm32l1xx_hal_tim_ex.o
 .debug_ranges  0x0000000000000d28      0x220 ./Drivers/STM32L1xx_HAL_Driver/Src/stm32l1xx_hal_uart.o
 .debug_ranges  0x0000000000000f48       0xa0 ./Drivers/STM32L1xx_HAL_Driver/Src/stm32l1xx_ll_usb.o
 .debug_ranges  0x0000000000000fe8       0x58 ./Middlewares/ST/STM32_USB_Device_Library/Class/HID/Src/usbd_hid.o
 .debug_ranges  0x0000000000001040       0xa8 ./Middlewares/ST/STM32_USB_Device_Library/Core/Src/usbd_core.o
 .debug_ranges  0x00000000000010e8       0x78 ./Middlewares/ST/STM32_USB_Device_Library/Core/Src/usbd_ctlreq.o
 .debug_ranges  0x0000000000001160       0x40 ./Middlewares/ST/STM32_USB_Device_Library/Core/Src/usbd_ioreq.o
 .debug_ranges  0x00000000000011a0       0x10 ./USB_DEVICE/App/usb_device.o
 .debug_ranges  0x00000000000011b0       0x50 ./USB_DEVICE/App/usbd_desc.o
 .debug_ranges  0x0000000000001200      0x108 ./USB_DEVICE/Target/usbd_conf.o

.debug_macro    0x0000000000000000     0x652a
 .debug_macro   0x0000000000000000      0x1f6 ./Core/Src/gpio.o
 .debug_macro   0x00000000000001f6      0x1f6 ./Core/Src/i2c.o
 .debug_macro   0x00000000000003ec      0x42c ./Core/Src/keys.o
 .debug_macro   0x0000000000000818       0x52 ./Core/Src/keys.o
 .debug_macro   0x000000000000086a       0x18 ./Core/Src/keys.o
 .debug_macro   0x0000000000000882       0x3c ./Core/Src/keys.o
 .debug_macro   0x00000000000008be       0x34 ./Core/Src/keys.o
 .debug_macro   0x00000000000008f2       0x16 ./Core/Src/keys.o
 .debug_macro   0x0000000000000908       0x35 ./Core/Src/keys.o
 .debug_macro   0x000000000000093d      0x341 ./Core/Src/keys.o
 .debug_macro   0x0000000000000c7e       0x10 ./Core/Src/keys.o
 .debug_macro   0x0000000000000c8e       0x16 ./Core/Src/keys.o
 .debug_macro   0x0000000000000ca4       0x43 ./Core/Src/keys.o
 .debug_macro   0x0000000000000ce7       0x34 ./Core/Src/keys.o
 .debug_macro   0x0000000000000d1b       0x10 ./Core/Src/keys.o
 .debug_macro   0x0000000000000d2b       0x58 ./Core/Src/keys.o
 .debug_macro   0x0000000000000d83       0x71 ./Core/Src/keys.o
 .debug_macro   0x0000000000000df4       0x1c ./Core/Src/keys.o
 .debug_macro   0x0000000000000e10      0x12a ./Core/Src/keys.o
 .debug_macro   0x0000000000000f3a       0x10 ./Core/Src/keys.o
 .debug_macro   0x0000000000000f4a       0x1c ./Core/Src/keys.o
 .debug_macro   0x0000000000000f66       0x52 ./Core/Src/keys.o
 .debug_macro   0x0000000000000fb8       0x22 ./Core/Src/keys.o
 .debug_macro   0x0000000000000fda       0x10 ./Core/Src/keys.o
 .debug_macro   0x0000000000000fea       0x52 ./Core/Src/keys.o
 .debug_macro   0x000000000000103c       0xd5 ./Core/Src/keys.o
 .debug_macro   0x0000000000001111       0x1c ./Core/Src/keys.o
 .debug_macro   0x000000000000112d       0x3d ./Core/Src/keys.o
 .debug_macro   0x000000000000116a       0x16 ./Core/Src/keys.o
 .debug_macro   0x0000000000001180      0x145 ./Core/Src/keys.o
 .debug_macro   0x00000000000012c5       0x16 ./Core/Src/keys.o
 .debug_macro   0x00000000000012db       0x16 ./Core/Src/keys.o
 .debug_macro   0x00000000000012f1       0x29 ./Core/Src/keys.o
 .debug_macro   0x000000000000131a       0x16 ./Core/Src/keys.o
 .debug_macro   0x0000000000001330       0x20 ./Core/Src/keys.o
 .debug_macro   0x0000000000001350       0x5f ./Core/Src/keys.o
 .debug_macro   0x00000000000013af      0x1d6 ./Core/Src/keys.o
 .debug_macro   0x0000000000001585       0x5e ./Core/Src/keys.o
 .debug_macro   0x00000000000015e3      0x43c ./Core/Src/knob.o
 .debug_macro   0x0000000000001a1f      0x487 ./Core/Src/main.o
 .debug_macro   0x0000000000001ea6      0x436 ./Core/Src/nextion.o
 .debug_macro   0x00000000000022dc      0x1ec ./Core/Src/stm32l1xx_hal_msp.o
 .debug_macro   0x00000000000024c8      0x1f6 ./Core/Src/stm32l1xx_it.o
 .debug_macro   0x00000000000026be      0x1dd ./Core/Src/system_stm32l1xx.o
 .debug_macro   0x000000000000289b      0x1f6 ./Core/Src/tim.o
 .debug_macro   0x0000000000002a91      0x1f6 ./Core/Src/usart.o
 .debug_macro   0x0000000000002c87      0x201 ./Drivers/STM32L1xx_HAL_Driver/Src/stm32l1xx_hal.o
 .debug_macro   0x0000000000002e88      0x1dd ./Drivers/STM32L1xx_HAL_Driver/Src/stm32l1xx_hal_cortex.o
 .debug_macro   0x0000000000003065      0x1dd ./Drivers/STM32L1xx_HAL_Driver/Src/stm32l1xx_hal_dma.o
 .debug_macro   0x0000000000003242      0x1e4 ./Drivers/STM32L1xx_HAL_Driver/Src/stm32l1xx_hal_gpio.o
 .debug_macro   0x0000000000003426      0x224 ./Drivers/STM32L1xx_HAL_Driver/Src/stm32l1xx_hal_i2c.o
 .debug_macro   0x000000000000364a      0x1e9 ./Drivers/STM32L1xx_HAL_Driver/Src/stm32l1xx_hal_pcd.o
 .debug_macro   0x0000000000003833      0x1dd ./Drivers/STM32L1xx_HAL_Driver/Src/stm32l1xx_hal_pcd_ex.o
 .debug_macro   0x0000000000003a10      0x1ef ./Drivers/STM32L1xx_HAL_Driver/Src/stm32l1xx_hal_rcc.o
 .debug_macro   0x0000000000003bff      0x1de ./Drivers/STM32L1xx_HAL_Driver/Src/stm32l1xx_hal_tim.o
 .debug_macro   0x0000000000003ddd      0x1dd ./Drivers/STM32L1xx_HAL_Driver/Src/stm32l1xx_hal_tim_ex.o
 .debug_macro   0x0000000000003fba      0x1de ./Drivers/STM32L1xx_HAL_Driver/Src/stm32l1xx_hal_uart.o
 .debug_macro   0x0000000000004198      0x1dd ./Drivers/STM32L1xx_HAL_Driver/Src/stm32l1xx_ll_usb.o
 .debug_macro   0x0000000000004375      0x402 ./Middlewares/ST/STM32_USB_Device_Library/Class/HID/Src/usbd_hid.o
 .debug_macro   0x0000000000004777       0x97 ./Middlewares/ST/STM32_USB_Device_Library/Class/HID/Src/usbd_hid.o
 .debug_macro   0x000000000000480e       0xfd ./Middlewares/ST/STM32_USB_Device_Library/Class/HID/Src/usbd_hid.o
 .debug_macro   0x000000000000490b       0x55 ./Middlewares/ST/STM32_USB_Device_Library/Class/HID/Src/usbd_hid.o
 .debug_macro   0x0000000000004960      0x3e9 ./Middlewares/ST/STM32_USB_Device_Library/Core/Src/usbd_core.o
 .debug_macro   0x0000000000004d49      0x1dc ./Middlewares/ST/STM32_USB_Device_Library/Core/Src/usbd_core.o
 .debug_macro   0x0000000000004f25      0x3f3 ./Middlewares/ST/STM32_USB_Device_Library/Core/Src/usbd_ctlreq.o
 .debug_macro   0x0000000000005318      0x3ef ./Middlewares/ST/STM32_USB_Device_Library/Core/Src/usbd_ioreq.o
 .debug_macro   0x0000000000005707      0x419 ./USB_DEVICE/App/usb_device.o
 .debug_macro   0x0000000000005b20      0x1a0 ./USB_DEVICE/App/usb_device.o
 .debug_macro   0x0000000000005cc0       0x22 ./USB_DEVICE/App/usb_device.o
 .debug_macro   0x0000000000005ce2      0x426 ./USB_DEVICE/App/usbd_desc.o
 .debug_macro   0x0000000000006108       0x1c ./USB_DEVICE/App/usbd_desc.o
 .debug_macro   0x0000000000006124      0x406 ./USB_DEVICE/Target/usbd_conf.o

.debug_line     0x0000000000000000    0x1b1d7
 .debug_line    0x0000000000000000      0x765 ./Core/Src/gpio.o
 .debug_line    0x0000000000000765      0x7d8 ./Core/Src/i2c.o
 .debug_line    0x0000000000000f3d      0xde8 ./Core/Src/keys.o
 .debug_line    0x0000000000001d25      0xd03 ./Core/Src/knob.o
 .debug_line    0x0000000000002a28      0xd38 ./Core/Src/main.o
 .debug_line    0x0000000000003760      0xa3a ./Core/Src/nextion.o
 .debug_line    0x000000000000419a      0x701 ./Core/Src/stm32l1xx_hal_msp.o
 .debug_line    0x000000000000489b      0x8e9 ./Core/Src/stm32l1xx_it.o
 .debug_line    0x0000000000005184      0x7a1 ./Core/Src/system_stm32l1xx.o
 .debug_line    0x0000000000005925      0x8d7 ./Core/Src/tim.o
 .debug_line    0x00000000000061fc      0x76d ./Core/Src/usart.o
 .debug_line    0x0000000000006969       0x88 ./Core/Startup/startup_stm32l151cbtxa.o
 .debug_line    0x00000000000069f1      0x9c4 ./Drivers/STM32L1xx_HAL_Driver/Src/stm32l1xx_hal.o
 .debug_line    0x00000000000073b5      0xc91 ./Drivers/STM32L1xx_HAL_Driver/Src/stm32l1xx_hal_cortex.o
 .debug_line    0x0000000000008046      0xc0e ./Drivers/STM32L1xx_HAL_Driver/Src/stm32l1xx_hal_dma.o
 .debug_line    0x0000000000008c54      0xa16 ./Drivers/STM32L1xx_HAL_Driver/Src/stm32l1xx_hal_gpio.o
 .debug_line    0x000000000000966a     0x392f ./Drivers/STM32L1xx_HAL_Driver/Src/stm32l1xx_hal_i2c.o
 .debug_line    0x000000000000cf99     0x12b2 ./Drivers/STM32L1xx_HAL_Driver/Src/stm32l1xx_hal_pcd.o
 .debug_line    0x000000000000e24b      0x77a ./Drivers/STM32L1xx_HAL_Driver/Src/stm32l1xx_hal_pcd_ex.o
 .debug_line    0x000000000000e9c5      0xecc ./Drivers/STM32L1xx_HAL_Driver/Src/stm32l1xx_hal_rcc.o
 .debug_line    0x000000000000f891     0x2e75 ./Drivers/STM32L1xx_HAL_Driver/Src/stm32l1xx_hal_tim.o
 .debug_line    0x0000000000012706      0x7d3 ./Drivers/STM32L1xx_HAL_Driver/Src/stm32l1xx_hal_tim_ex.o
 .debug_line    0x0000000000012ed9     0x1aa0 ./Drivers/STM32L1xx_HAL_Driver/Src/stm32l1xx_hal_uart.o
 .debug_line    0x0000000000014979     0x1020 ./Drivers/STM32L1xx_HAL_Driver/Src/stm32l1xx_ll_usb.o
 .debug_line    0x0000000000015999      0xc40 ./Middlewares/ST/STM32_USB_Device_Library/Class/HID/Src/usbd_hid.o
 .debug_line    0x00000000000165d9      0xe03 ./Middlewares/ST/STM32_USB_Device_Library/Core/Src/usbd_core.o
 .debug_line    0x00000000000173dc      0xfa2 ./Middlewares/ST/STM32_USB_Device_Library/Core/Src/usbd_ctlreq.o
 .debug_line    0x000000000001837e      0xaa1 ./Middlewares/ST/STM32_USB_Device_Library/Core/Src/usbd_ioreq.o
 .debug_line    0x0000000000018e1f      0xa46 ./USB_DEVICE/App/usb_device.o
 .debug_line    0x0000000000019865      0xb2a ./USB_DEVICE/App/usbd_desc.o
 .debug_line    0x000000000001a38f      0xe48 ./USB_DEVICE/Target/usbd_conf.o

.debug_str      0x0000000000000000    0x8600c
 .debug_str     0x0000000000000000    0x7bb0c ./Core/Src/gpio.o
                                      0x7bdd5 (size before relaxing)
 .debug_str     0x000000000007bb0c      0x4ad ./Core/Src/i2c.o
                                      0x7bfb3 (size before relaxing)
 .debug_str     0x000000000007bfb9     0x544c ./Core/Src/keys.o
                                      0x811a5 (size before relaxing)
 .debug_str     0x0000000000081405       0x84 ./Core/Src/knob.o
                                      0x81124 (size before relaxing)
 .debug_str     0x0000000000081489      0x898 ./Core/Src/main.o
                                      0x81a93 (size before relaxing)
 .debug_str     0x0000000000081d21       0x41 ./Core/Src/nextion.o
                                      0x80fd7 (size before relaxing)
 .debug_str     0x0000000000081d62       0x2c ./Core/Src/stm32l1xx_hal_msp.o
                                      0x7ba1b (size before relaxing)
 .debug_str     0x0000000000081d8e      0x4dd ./Core/Src/stm32l1xx_it.o
                                      0x7c7db (size before relaxing)
 .debug_str     0x000000000008226b       0x99 ./Core/Src/system_stm32l1xx.o
                                      0x7b567 (size before relaxing)
 .debug_str     0x0000000000082304      0x22d ./Core/Src/tim.o
                                      0x7c50f (size before relaxing)
 .debug_str     0x0000000000082531       0x51 ./Core/Src/usart.o
                                      0x7c209 (size before relaxing)
 .debug_str     0x0000000000082582       0x37 ./Core/Startup/startup_stm32l151cbtxa.o
                                         0x8b (size before relaxing)
 .debug_str     0x00000000000825b9      0x311 ./Drivers/STM32L1xx_HAL_Driver/Src/stm32l1xx_hal.o
                                      0x7bbec (size before relaxing)
 .debug_str     0x00000000000828ca      0x381 ./Drivers/STM32L1xx_HAL_Driver/Src/stm32l1xx_hal_cortex.o
                                      0x7bcc6 (size before relaxing)
 .debug_str     0x0000000000082c4b      0x252 ./Drivers/STM32L1xx_HAL_Driver/Src/stm32l1xx_hal_dma.o
                                      0x7b8ec (size before relaxing)
 .debug_str     0x0000000000082e9d       0xcc ./Drivers/STM32L1xx_HAL_Driver/Src/stm32l1xx_hal_gpio.o
                                      0x7b6fa (size before relaxing)
 .debug_str     0x0000000000082f69      0xaa3 ./Drivers/STM32L1xx_HAL_Driver/Src/stm32l1xx_hal_i2c.o
                                      0x7c585 (size before relaxing)
 .debug_str     0x0000000000083a0c      0x4f9 ./Drivers/STM32L1xx_HAL_Driver/Src/stm32l1xx_hal_pcd.o
                                      0x7bd8a (size before relaxing)
 .debug_str     0x0000000000083f05      0x170 ./Drivers/STM32L1xx_HAL_Driver/Src/stm32l1xx_hal_pcd_ex.o
                                      0x7b9a0 (size before relaxing)
 .debug_str     0x0000000000084075      0x24f ./Drivers/STM32L1xx_HAL_Driver/Src/stm32l1xx_hal_rcc.o
                                      0x7ba08 (size before relaxing)
 .debug_str     0x00000000000842c4      0xc54 ./Drivers/STM32L1xx_HAL_Driver/Src/stm32l1xx_hal_tim.o
                                      0x7c853 (size before relaxing)
 .debug_str     0x0000000000084f18       0x57 ./Drivers/STM32L1xx_HAL_Driver/Src/stm32l1xx_hal_tim_ex.o
                                      0x7ba0f (size before relaxing)
 .debug_str     0x0000000000084f6f      0x590 ./Drivers/STM32L1xx_HAL_Driver/Src/stm32l1xx_hal_uart.o
                                      0x7bf66 (size before relaxing)
 .debug_str     0x00000000000854ff       0xcc ./Drivers/STM32L1xx_HAL_Driver/Src/stm32l1xx_ll_usb.o
                                      0x7b90b (size before relaxing)
 .debug_str     0x00000000000855cb      0x298 ./Middlewares/ST/STM32_USB_Device_Library/Class/HID/Src/usbd_hid.o
                                      0x80a02 (size before relaxing)
 .debug_str     0x0000000000085863      0x29f ./Middlewares/ST/STM32_USB_Device_Library/Core/Src/usbd_core.o
                                      0x8089d (size before relaxing)
 .debug_str     0x0000000000085b02      0x11b ./Middlewares/ST/STM32_USB_Device_Library/Core/Src/usbd_ctlreq.o
                                      0x807b7 (size before relaxing)
 .debug_str     0x0000000000085c1d       0x79 ./Middlewares/ST/STM32_USB_Device_Library/Core/Src/usbd_ioreq.o
                                      0x806e4 (size before relaxing)
 .debug_str     0x0000000000085c96       0xa2 ./USB_DEVICE/App/usb_device.o
                                      0x80859 (size before relaxing)
 .debug_str     0x0000000000085d38      0x25c ./USB_DEVICE/App/usbd_desc.o
                                      0x80624 (size before relaxing)
 .debug_str     0x0000000000085f94       0x78 ./USB_DEVICE/Target/usbd_conf.o
                                      0x813b7 (size before relaxing)

.comment        0x0000000000000000       0x50
 .comment       0x0000000000000000       0x50 ./Core/Src/gpio.o
                                         0x51 (size before relaxing)
 .comment       0x0000000000000050       0x51 ./Core/Src/i2c.o
 .comment       0x0000000000000050       0x51 ./Core/Src/keys.o
 .comment       0x0000000000000050       0x51 ./Core/Src/knob.o
 .comment       0x0000000000000050       0x51 ./Core/Src/main.o
 .comment       0x0000000000000050       0x51 ./Core/Src/nextion.o
 .comment       0x0000000000000050       0x51 ./Core/Src/stm32l1xx_hal_msp.o
 .comment       0x0000000000000050       0x51 ./Core/Src/stm32l1xx_it.o
 .comment       0x0000000000000050       0x51 ./Core/Src/system_stm32l1xx.o
 .comment       0x0000000000000050       0x51 ./Core/Src/tim.o
 .comment       0x0000000000000050       0x51 ./Core/Src/usart.o
 .comment       0x0000000000000050       0x51 ./Drivers/STM32L1xx_HAL_Driver/Src/stm32l1xx_hal.o
 .comment       0x0000000000000050       0x51 ./Drivers/STM32L1xx_HAL_Driver/Src/stm32l1xx_hal_cortex.o
 .comment       0x0000000000000050       0x51 ./Drivers/STM32L1xx_HAL_Driver/Src/stm32l1xx_hal_dma.o
 .comment       0x0000000000000050       0x51 ./Drivers/STM32L1xx_HAL_Driver/Src/stm32l1xx_hal_gpio.o
 .comment       0x0000000000000050       0x51 ./Drivers/STM32L1xx_HAL_Driver/Src/stm32l1xx_hal_i2c.o
 .comment       0x0000000000000050       0x51 ./Drivers/STM32L1xx_HAL_Driver/Src/stm32l1xx_hal_pcd.o
 .comment       0x0000000000000050       0x51 ./Drivers/STM32L1xx_HAL_Driver/Src/stm32l1xx_hal_pcd_ex.o
 .comment       0x0000000000000050       0x51 ./Drivers/STM32L1xx_HAL_Driver/Src/stm32l1xx_hal_rcc.o
 .comment       0x0000000000000050       0x51 ./Drivers/STM32L1xx_HAL_Driver/Src/stm32l1xx_hal_tim.o
 .comment       0x0000000000000050       0x51 ./Drivers/STM32L1xx_HAL_Driver/Src/stm32l1xx_hal_tim_ex.o