../Drivers/STM32L1xx_HAL_Driver/Src/stm32l1xx_hal_pcd.c:122:19:HAL_PCD_Init	64	static
../Drivers/STM32L1xx_HAL_Driver/Src/stm32l1xx_hal_pcd.c:209:19:HAL_PCD_DeInit	16	static
../Drivers/STM32L1xx_HAL_Driver/Src/stm32l1xx_hal_pcd.c:248:13:HAL_PCD_MspInit	16	static
../Drivers/STM32L1xx_HAL_Driver/Src/stm32l1xx_hal_pcd.c:263:13:HAL_PCD_MspDeInit	16	static
../Drivers/STM32L1xx_HAL_Driver/Src/stm32l1xx_hal_pcd.c:821:19:HAL_PCD_Start	16	static
../Drivers/STM32L1xx_HAL_Driver/Src/stm32l1xx_hal_pcd.c:839:19:HAL_PCD_Stop	16	static
../Drivers/STM32L1xx_HAL_Driver/Src/stm32l1xx_hal_pcd.c:858:6:HAL_PCD_IRQHandler	16	static
../Drivers/STM32L1xx_HAL_Driver/Src/stm32l1xx_hal_pcd.c:945:6:HAL_PCD_WKUP_IRQHandler	16	static
../Drivers/STM32L1xx_HAL_Driver/Src/stm32l1xx_hal_pcd.c:958:13:HAL_PCD_DataOutStageCallback	16	static
../Drivers/STM32L1xx_HAL_Driver/Src/stm32l1xx_hal_pcd.c:975:13:HAL_PCD_DataInStageCallback	16	static
../Drivers/STM32L1xx_HAL_Driver/Src/stm32l1xx_hal_pcd.c:990:13:HAL_PCD_SetupStageCallback	16	static
../Drivers/STM32L1xx_HAL_Driver/Src/stm32l1xx_hal_pcd.c:1005:13:HAL_PCD_SOFCallback	16	static
../Drivers/STM32L1xx_HAL_Driver/Src/stm32l1xx_hal_pcd.c:1020:13:HAL_PCD_ResetCallback	16	static
../Drivers/STM32L1xx_HAL_Driver/Src/stm32l1xx_hal_pcd.c:1035:13:HAL_PCD_SuspendCallback	16	static
../Drivers/STM32L1xx_HAL_Driver/Src/stm32l1xx_hal_pcd.c:1050:13:HAL_PCD_ResumeCallback	16	static
../Drivers/STM32L1xx_HAL_Driver/Src/stm32l1xx_hal_pcd.c:1066:13:HAL_PCD_ISOOUTIncompleteCallback	16	static
../Drivers/STM32L1xx_HAL_Driver/Src/stm32l1xx_hal_pcd.c:1083:13:HAL_PCD_ISOINIncompleteCallback	16	static
../Drivers/STM32L1xx_HAL_Driver/Src/stm32l1xx_hal_pcd.c:1099:13:HAL_PCD_ConnectCallback	16	static
../Drivers/STM32L1xx_HAL_Driver/Src/stm32l1xx_hal_pcd.c:1114:13:HAL_PCD_DisconnectCallback	16	static
../Drivers/STM32L1xx_HAL_Driver/Src/stm32l1xx_hal_pcd.c:1148:19:HAL_PCD_DevConnect	16	static
../Drivers/STM32L1xx_HAL_Driver/Src/stm32l1xx_hal_pcd.c:1165:19:HAL_PCD_DevDisconnect	16	static
../Drivers/STM32L1xx_HAL_Driver/Src/stm32l1xx_hal_pcd.c:1183:19:HAL_PCD_SetAddress	16	static
../Drivers/STM32L1xx_HAL_Driver/Src/stm32l1xx_hal_pcd.c:1200:19:HAL_PCD_EP_Open	24	static
../Drivers/STM32L1xx_HAL_Driver/Src/stm32l1xx_hal_pcd.c:1245:19:HAL_PCD_EP_Close	24	static
../Drivers/STM32L1xx_HAL_Driver/Src/stm32l1xx_hal_pcd.c:1276:19:HAL_PCD_EP_Receive	32	static
../Drivers/STM32L1xx_HAL_Driver/Src/stm32l1xx_hal_pcd.c:1307:10:HAL_PCD_EP_GetRxCount	16	static
../Drivers/STM32L1xx_HAL_Driver/Src/stm32l1xx_hal_pcd.c:1319:19:HAL_PCD_EP_Transmit	32	static
../Drivers/STM32L1xx_HAL_Driver/Src/stm32l1xx_hal_pcd.c:1352:19:HAL_PCD_EP_SetStall	24	static
../Drivers/STM32L1xx_HAL_Driver/Src/stm32l1xx_hal_pcd.c:1390:19:HAL_PCD_EP_ClrStall	24	static
../Drivers/STM32L1xx_HAL_Driver/Src/stm32l1xx_hal_pcd.c:1426:19:HAL_PCD_EP_Flush	16	static
../Drivers/STM32L1xx_HAL_Driver/Src/stm32l1xx_hal_pcd.c:1440:19:HAL_PCD_ActivateRemoteWakeup	16	static
../Drivers/STM32L1xx_HAL_Driver/Src/stm32l1xx_hal_pcd.c:1450:19:HAL_PCD_DeActivateRemoteWakeup	16	static
../Drivers/STM32L1xx_HAL_Driver/Src/stm32l1xx_hal_pcd.c:1479:18:HAL_PCD_GetState	16	static
../Drivers/STM32L1xx_HAL_Driver/Src/stm32l1xx_hal_pcd.c:1503:26:PCD_EP_ISR_Handler	64	static
../Drivers/STM32L1xx_HAL_Driver/Src/stm32l1xx_hal_pcd.c:1741:17:HAL_PCD_EP_DB_Receive	40	static
../Drivers/STM32L1xx_HAL_Driver/Src/stm32l1xx_hal_pcd.c:1822:26:HAL_PCD_EP_DB_Transmit	144	static
